22:39:24 **** Incremental Build of configuration Debug for project RFID_KPZ ****
make -j12 all 
arm-none-eabi-gcc "../Core/Src/spi_flash.c" -mcpu=cortex-m4 -std=gnu11 -g3 -DUSE_HAL_DRIVER -DSTM32L476xx -DDEBUG -c -I../Core/Inc -I../Drivers/STM32L4xx_HAL_Driver/Inc -I../Drivers/STM32L4xx_HAL_Driver/Inc/Legacy -I../Drivers/CMSIS/Device/ST/STM32L4xx/Include -I../Drivers/CMSIS/Include -O0 -ffunction-sections -fdata-sections -Wall -fstack-usage -MMD -MP -MF"Core/Src/spi_flash.d" -MT"Core/Src/spi_flash.o" --specs=nano.specs -mfpu=fpv4-sp-d16 -mfloat-abi=hard -mthumb -o "Core/Src/spi_flash.o"
In file included from ../Core/Src/spi_flash.c:60:0:
../Core/Inc/spi_flash.h:38:10: fatal error: stm32f2xx.h: No such file or directory
 #include "stm32f2xx.h"
          ^~~~~~~~~~~~~
compilation terminated.
make: *** [Core/Src/subdir.mk:53: Core/Src/spi_flash.o] Error 1
"make -j12 all" terminated with exit code 2. Build might be incomplete.
22:39:59 **** Incremental Build of configuration Debug for project RFID_KPZ ****
make -j12 all 
arm-none-eabi-gcc "../Core/Src/spi_flash.c" -mcpu=cortex-m4 -std=gnu11 -g3 -DUSE_HAL_DRIVER -DSTM32L476xx -DDEBUG -c -I../Core/Inc -I../Drivers/STM32L4xx_HAL_Driver/Inc -I../Drivers/STM32L4xx_HAL_Driver/Inc/Legacy -I../Drivers/CMSIS/Device/ST/STM32L4xx/Include -I../Drivers/CMSIS/Include -O0 -ffunction-sections -fdata-sections -Wall -fstack-usage -MMD -MP -MF"Core/Src/spi_flash.d" -MT"Core/Src/spi_flash.o" --specs=nano.specs -mfpu=fpv4-sp-d16 -mfloat-abi=hard -mthumb -o "Core/Src/spi_flash.o"
In file included from ../Core/Src/spi_flash.c:60:0:
../Core/Src/spi_flash.c: In function 'sFLASH_Init':
../Core/Inc/spi_flash.h:92:31: warning: implicit declaration of function 'GPIO_SetBits' [-Wimplicit-function-declaration]
 #define sFLASH_CS_HIGH()      GPIO_SetBits(sFLASH_CS_GPIO_PORT, sFLASH_CS_PIN)
                               ^
../Core/Src/spi_flash.c:102:3: note: in expansion of macro 'sFLASH_CS_HIGH'
   sFLASH_CS_HIGH();
   ^~~~~~~~~~~~~~
../Core/Inc/spi_flash.h:85:46: error: 'GPIOI' undeclared (first use in this function); did you mean 'GPIOH'?
 #define sFLASH_CS_GPIO_PORT                  GPIOI
                                              ^
../Core/Inc/spi_flash.h:92:44: note: in expansion of macro 'sFLASH_CS_GPIO_PORT'
 #define sFLASH_CS_HIGH()      GPIO_SetBits(sFLASH_CS_GPIO_PORT, sFLASH_CS_PIN)
                                            ^~~~~~~~~~~~~~~~~~~
../Core/Src/spi_flash.c:102:3: note: in expansion of macro 'sFLASH_CS_HIGH'
   sFLASH_CS_HIGH();
   ^~~~~~~~~~~~~~
../Core/Inc/spi_flash.h:85:46: note: each undeclared identifier is reported only once for each function it appears in
 #define sFLASH_CS_GPIO_PORT                  GPIOI
                                              ^
../Core/Inc/spi_flash.h:92:44: note: in expansion of macro 'sFLASH_CS_GPIO_PORT'
 #define sFLASH_CS_HIGH()      GPIO_SetBits(sFLASH_CS_GPIO_PORT, sFLASH_CS_PIN)
                                            ^~~~~~~~~~~~~~~~~~~
../Core/Src/spi_flash.c:102:3: note: in expansion of macro 'sFLASH_CS_HIGH'
   sFLASH_CS_HIGH();
   ^~~~~~~~~~~~~~
../Core/Inc/spi_flash.h:84:46: error: 'GPIO_Pin_0' undeclared (first use in this function); did you mean 'GPIO_PIN_0'?
 #define sFLASH_CS_PIN                        GPIO_Pin_0
                                              ^
../Core/Inc/spi_flash.h:92:65: note: in expansion of macro 'sFLASH_CS_PIN'
 #define sFLASH_CS_HIGH()      GPIO_SetBits(sFLASH_CS_GPIO_PORT, sFLASH_CS_PIN)
                                                                 ^~~~~~~~~~~~~
../Core/Src/spi_flash.c:102:3: note: in expansion of macro 'sFLASH_CS_HIGH'
   sFLASH_CS_HIGH();
   ^~~~~~~~~~~~~~
../Core/Src/spi_flash.c:105:21: error: 'SPI_InitTypeDef {aka struct <anonymous>}' has no member named 'SPI_Direction'; did you mean 'Direction'?
   SPI_InitStructure.SPI_Direction = SPI_Direction_2Lines_FullDuplex;
                     ^~~~~~~~~~~~~
                     Direction
../Core/Src/spi_flash.c:105:37: error: 'SPI_Direction_2Lines_FullDuplex' undeclared (first use in this function)
   SPI_InitStructure.SPI_Direction = SPI_Direction_2Lines_FullDuplex;
                                     ^~~~~~~~~~~~~~~~~~~~~~~~~~~~~~~
../Core/Src/spi_flash.c:106:21: error: 'SPI_InitTypeDef {aka struct <anonymous>}' has no member named 'SPI_Mode'; did you mean 'TIMode'?
   SPI_InitStructure.SPI_Mode = SPI_Mode_Master;
                     ^~~~~~~~
                     TIMode
../Core/Src/spi_flash.c:106:32: error: 'SPI_Mode_Master' undeclared (first use in this function)
   SPI_InitStructure.SPI_Mode = SPI_Mode_Master;
                                ^~~~~~~~~~~~~~~
../Core/Src/spi_flash.c:107:21: error: 'SPI_InitTypeDef {aka struct <anonymous>}' has no member named 'SPI_DataSize'; did you mean 'DataSize'?
   SPI_InitStructure.SPI_DataSize = SPI_DataSize_8b;
                     ^~~~~~~~~~~~
                     DataSize
../Core/Src/spi_flash.c:107:36: error: 'SPI_DataSize_8b' undeclared (first use in this function)
   SPI_InitStructure.SPI_DataSize = SPI_DataSize_8b;
                                    ^~~~~~~~~~~~~~~
../Core/Src/spi_flash.c:108:20: error: 'SPI_InitTypeDef {aka struct <anonymous>}' has no member named 'SPI_CPOL'
   SPI_InitStructure.SPI_CPOL = SPI_CPOL_High;
                    ^
../Core/Src/spi_flash.c:108:32: error: 'SPI_CPOL_High' undeclared (first use in this function)
   SPI_InitStructure.SPI_CPOL = SPI_CPOL_High;
                                ^~~~~~~~~~~~~
../Core/Src/spi_flash.c:109:20: error: 'SPI_InitTypeDef {aka struct <anonymous>}' has no member named 'SPI_CPHA'
   SPI_InitStructure.SPI_CPHA = SPI_CPHA_2Edge;
                    ^
../Core/Src/spi_flash.c:109:32: error: 'SPI_CPHA_2Edge' undeclared (first use in this function); did you mean 'SPI_CPOL_High'?
   SPI_InitStructure.SPI_CPHA = SPI_CPHA_2Edge;
                                ^~~~~~~~~~~~~~
                                SPI_CPOL_High
../Core/Src/spi_flash.c:110:20: error: 'SPI_InitTypeDef {aka struct <anonymous>}' has no member named 'SPI_NSS'
   SPI_InitStructure.SPI_NSS = SPI_NSS_Soft;
                    ^
../Core/Src/spi_flash.c:110:31: error: 'SPI_NSS_Soft' undeclared (first use in this function); did you mean 'SPI_NSS_SOFT'?
   SPI_InitStructure.SPI_NSS = SPI_NSS_Soft;
                               ^~~~~~~~~~~~
                               SPI_NSS_SOFT
../Core/Src/spi_flash.c:111:21: error: 'SPI_InitTypeDef {aka struct <anonymous>}' has no member named 'SPI_BaudRatePrescaler'; did you mean 'BaudRatePrescaler'?
   SPI_InitStructure.SPI_BaudRatePrescaler = SPI_BaudRatePrescaler_4;
                     ^~~~~~~~~~~~~~~~~~~~~
                     BaudRatePrescaler
../Core/Src/spi_flash.c:111:45: error: 'SPI_BaudRatePrescaler_4' undeclared (first use in this function)
   SPI_InitStructure.SPI_BaudRatePrescaler = SPI_BaudRatePrescaler_4;
                                             ^~~~~~~~~~~~~~~~~~~~~~~
../Core/Src/spi_flash.c:113:21: error: 'SPI_InitTypeDef {aka struct <anonymous>}' has no member named 'SPI_FirstBit'; did you mean 'FirstBit'?
   SPI_InitStructure.SPI_FirstBit = SPI_FirstBit_MSB;
                     ^~~~~~~~~~~~
                     FirstBit
../Core/Src/spi_flash.c:113:36: error: 'SPI_FirstBit_MSB' undeclared (first use in this function); did you mean 'SPI_FIRSTBIT_MSB'?
   SPI_InitStructure.SPI_FirstBit = SPI_FirstBit_MSB;
                                    ^~~~~~~~~~~~~~~~
                                    SPI_FIRSTBIT_MSB
../Core/Src/spi_flash.c:114:21: error: 'SPI_InitTypeDef {aka struct <anonymous>}' has no member named 'SPI_CRCPolynomial'; did you mean 'CRCPolynomial'?
   SPI_InitStructure.SPI_CRCPolynomial = 7;
                     ^~~~~~~~~~~~~~~~~
                     CRCPolynomial
../Core/Src/spi_flash.c:115:3: warning: implicit declaration of function 'SPI_Init'; did you mean 'HAL_Init'? [-Wimplicit-function-declaration]
   SPI_Init(sFLASH_SPI, &SPI_InitStructure);
   ^~~~~~~~
   HAL_Init
../Core/Src/spi_flash.c:118:3: warning: implicit declaration of function 'SPI_Cmd' [-Wimplicit-function-declaration]
   SPI_Cmd(sFLASH_SPI, ENABLE);
   ^~~~~~~
In file included from ../Core/Src/spi_flash.c:60:0:
../Core/Src/spi_flash.c: In function 'sFLASH_EraseSector':
../Core/Inc/spi_flash.h:90:31: warning: implicit declaration of function 'GPIO_ResetBits' [-Wimplicit-function-declaration]
 #define sFLASH_CS_LOW()       GPIO_ResetBits(sFLASH_CS_GPIO_PORT, sFLASH_CS_PIN)
                               ^
../Core/Src/spi_flash.c:133:3: note: in expansion of macro 'sFLASH_CS_LOW'
   sFLASH_CS_LOW();
   ^~~~~~~~~~~~~
../Core/Inc/spi_flash.h:85:46: error: 'GPIOI' undeclared (first use in this function); did you mean 'GPIOH'?
 #define sFLASH_CS_GPIO_PORT                  GPIOI
                                              ^
../Core/Inc/spi_flash.h:90:46: note: in expansion of macro 'sFLASH_CS_GPIO_PORT'
 #define sFLASH_CS_LOW()       GPIO_ResetBits(sFLASH_CS_GPIO_PORT, sFLASH_CS_PIN)
                                              ^~~~~~~~~~~~~~~~~~~
../Core/Src/spi_flash.c:133:3: note: in expansion of macro 'sFLASH_CS_LOW'
   sFLASH_CS_LOW();
   ^~~~~~~~~~~~~
../Core/Inc/spi_flash.h:84:46: error: 'GPIO_Pin_0' undeclared (first use in this function); did you mean 'GPIO_PIN_0'?
 #define sFLASH_CS_PIN                        GPIO_Pin_0
                                              ^
../Core/Inc/spi_flash.h:90:67: note: in expansion of macro 'sFLASH_CS_PIN'
 #define sFLASH_CS_LOW()       GPIO_ResetBits(sFLASH_CS_GPIO_PORT, sFLASH_CS_PIN)
                                                                   ^~~~~~~~~~~~~
../Core/Src/spi_flash.c:133:3: note: in expansion of macro 'sFLASH_CS_LOW'
   sFLASH_CS_LOW();
   ^~~~~~~~~~~~~
../Core/Src/spi_flash.c: In function 'sFLASH_EraseBulk':
../Core/Inc/spi_flash.h:85:46: error: 'GPIOI' undeclared (first use in this function); did you mean 'GPIOH'?
 #define sFLASH_CS_GPIO_PORT                  GPIOI
                                              ^
../Core/Inc/spi_flash.h:90:46: note: in expansion of macro 'sFLASH_CS_GPIO_PORT'
 #define sFLASH_CS_LOW()       GPIO_ResetBits(sFLASH_CS_GPIO_PORT, sFLASH_CS_PIN)
                                              ^~~~~~~~~~~~~~~~~~~
../Core/Src/spi_flash.c:161:3: note: in expansion of macro 'sFLASH_CS_LOW'
   sFLASH_CS_LOW();
   ^~~~~~~~~~~~~
../Core/Inc/spi_flash.h:84:46: error: 'GPIO_Pin_0' undeclared (first use in this function); did you mean 'GPIO_PIN_0'?
 #define sFLASH_CS_PIN                        GPIO_Pin_0
                                              ^
../Core/Inc/spi_flash.h:90:67: note: in expansion of macro 'sFLASH_CS_PIN'
 #define sFLASH_CS_LOW()       GPIO_ResetBits(sFLASH_CS_GPIO_PORT, sFLASH_CS_PIN)
                                                                   ^~~~~~~~~~~~~
../Core/Src/spi_flash.c:161:3: note: in expansion of macro 'sFLASH_CS_LOW'
   sFLASH_CS_LOW();
   ^~~~~~~~~~~~~
../Core/Src/spi_flash.c: In function 'sFLASH_WritePage':
../Core/Inc/spi_flash.h:85:46: error: 'GPIOI' undeclared (first use in this function); did you mean 'GPIOH'?
 #define sFLASH_CS_GPIO_PORT                  GPIOI
                                              ^
../Core/Inc/spi_flash.h:90:46: note: in expansion of macro 'sFLASH_CS_GPIO_PORT'
 #define sFLASH_CS_LOW()       GPIO_ResetBits(sFLASH_CS_GPIO_PORT, sFLASH_CS_PIN)
                                              ^~~~~~~~~~~~~~~~~~~
../Core/Src/spi_flash.c:188:3: note: in expansion of macro 'sFLASH_CS_LOW'
   sFLASH_CS_LOW();
   ^~~~~~~~~~~~~
../Core/Inc/spi_flash.h:84:46: error: 'GPIO_Pin_0' undeclared (first use in this function); did you mean 'GPIO_PIN_0'?
 #define sFLASH_CS_PIN                        GPIO_Pin_0
                                              ^
../Core/Inc/spi_flash.h:90:67: note: in expansion of macro 'sFLASH_CS_PIN'
 #define sFLASH_CS_LOW()       GPIO_ResetBits(sFLASH_CS_GPIO_PORT, sFLASH_CS_PIN)
                                                                   ^~~~~~~~~~~~~
../Core/Src/spi_flash.c:188:3: note: in expansion of macro 'sFLASH_CS_LOW'
   sFLASH_CS_LOW();
   ^~~~~~~~~~~~~
../Core/Src/spi_flash.c: In function 'sFLASH_ReadBuffer':
../Core/Inc/spi_flash.h:85:46: error: 'GPIOI' undeclared (first use in this function); did you mean 'GPIOH'?
 #define sFLASH_CS_GPIO_PORT                  GPIOI
                                              ^
../Core/Inc/spi_flash.h:90:46: note: in expansion of macro 'sFLASH_CS_GPIO_PORT'
 #define sFLASH_CS_LOW()       GPIO_ResetBits(sFLASH_CS_GPIO_PORT, sFLASH_CS_PIN)
                                              ^~~~~~~~~~~~~~~~~~~
../Core/Src/spi_flash.c:304:3: note: in expansion of macro 'sFLASH_CS_LOW'
   sFLASH_CS_LOW();
   ^~~~~~~~~~~~~
../Core/Inc/spi_flash.h:84:46: error: 'GPIO_Pin_0' undeclared (first use in this function); did you mean 'GPIO_PIN_0'?
 #define sFLASH_CS_PIN                        GPIO_Pin_0
                                              ^
../Core/Inc/spi_flash.h:90:67: note: in expansion of macro 'sFLASH_CS_PIN'
 #define sFLASH_CS_LOW()       GPIO_ResetBits(sFLASH_CS_GPIO_PORT, sFLASH_CS_PIN)
                                                                   ^~~~~~~~~~~~~
../Core/Src/spi_flash.c:304:3: note: in expansion of macro 'sFLASH_CS_LOW'
   sFLASH_CS_LOW();
   ^~~~~~~~~~~~~
../Core/Src/spi_flash.c: In function 'sFLASH_ReadID':
../Core/Inc/spi_flash.h:85:46: error: 'GPIOI' undeclared (first use in this function); did you mean 'GPIOH'?
 #define sFLASH_CS_GPIO_PORT                  GPIOI
                                              ^
../Core/Inc/spi_flash.h:90:46: note: in expansion of macro 'sFLASH_CS_GPIO_PORT'
 #define sFLASH_CS_LOW()       GPIO_ResetBits(sFLASH_CS_GPIO_PORT, sFLASH_CS_PIN)
                                              ^~~~~~~~~~~~~~~~~~~
../Core/Src/spi_flash.c:338:3: note: in expansion of macro 'sFLASH_CS_LOW'
   sFLASH_CS_LOW();
   ^~~~~~~~~~~~~
../Core/Inc/spi_flash.h:84:46: error: 'GPIO_Pin_0' undeclared (first use in this function); did you mean 'GPIO_PIN_0'?
 #define sFLASH_CS_PIN                        GPIO_Pin_0
                                              ^
../Core/Inc/spi_flash.h:90:67: note: in expansion of macro 'sFLASH_CS_PIN'
 #define sFLASH_CS_LOW()       GPIO_ResetBits(sFLASH_CS_GPIO_PORT, sFLASH_CS_PIN)
                                                                   ^~~~~~~~~~~~~
../Core/Src/spi_flash.c:338:3: note: in expansion of macro 'sFLASH_CS_LOW'
   sFLASH_CS_LOW();
   ^~~~~~~~~~~~~
../Core/Src/spi_flash.c: In function 'sFLASH_StartReadSequence':
../Core/Inc/spi_flash.h:85:46: error: 'GPIOI' undeclared (first use in this function); did you mean 'GPIOH'?
 #define sFLASH_CS_GPIO_PORT                  GPIOI
                                              ^
../Core/Inc/spi_flash.h:90:46: note: in expansion of macro 'sFLASH_CS_GPIO_PORT'
 #define sFLASH_CS_LOW()       GPIO_ResetBits(sFLASH_CS_GPIO_PORT, sFLASH_CS_PIN)
                                              ^~~~~~~~~~~~~~~~~~~
../Core/Src/spi_flash.c:372:3: note: in expansion of macro 'sFLASH_CS_LOW'
   sFLASH_CS_LOW();
   ^~~~~~~~~~~~~
../Core/Inc/spi_flash.h:84:46: error: 'GPIO_Pin_0' undeclared (first use in this function); did you mean 'GPIO_PIN_0'?
 #define sFLASH_CS_PIN                        GPIO_Pin_0
                                              ^
../Core/Inc/spi_flash.h:90:67: note: in expansion of macro 'sFLASH_CS_PIN'
 #define sFLASH_CS_LOW()       GPIO_ResetBits(sFLASH_CS_GPIO_PORT, sFLASH_CS_PIN)
                                                                   ^~~~~~~~~~~~~
../Core/Src/spi_flash.c:372:3: note: in expansion of macro 'sFLASH_CS_LOW'
   sFLASH_CS_LOW();
   ^~~~~~~~~~~~~
../Core/Src/spi_flash.c: In function 'sFLASH_SendByte':
../Core/Src/spi_flash.c:407:10: warning: implicit declaration of function 'SPI_I2S_GetFlagStatus'; did you mean 'HAL_I2C_GetState'? [-Wimplicit-function-declaration]
   while (SPI_I2S_GetFlagStatus(sFLASH_SPI, SPI_I2S_FLAG_TXE) == RESET);
          ^~~~~~~~~~~~~~~~~~~~~
          HAL_I2C_GetState
../Core/Src/spi_flash.c:407:44: error: 'SPI_I2S_FLAG_TXE' undeclared (first use in this function); did you mean 'SPI_FLAG_TXE'?
   while (SPI_I2S_GetFlagStatus(sFLASH_SPI, SPI_I2S_FLAG_TXE) == RESET);
                                            ^~~~~~~~~~~~~~~~
                                            SPI_FLAG_TXE
../Core/Src/spi_flash.c:410:3: warning: implicit declaration of function 'SPI_I2S_SendData' [-Wimplicit-function-declaration]
   SPI_I2S_SendData(sFLASH_SPI, byte);
   ^~~~~~~~~~~~~~~~
../Core/Src/spi_flash.c:413:44: error: 'SPI_I2S_FLAG_RXNE' undeclared (first use in this function); did you mean 'SPI_I2S_FLAG_TXE'?
   while (SPI_I2S_GetFlagStatus(sFLASH_SPI, SPI_I2S_FLAG_RXNE) == RESET);
                                            ^~~~~~~~~~~~~~~~~
                                            SPI_I2S_FLAG_TXE
../Core/Src/spi_flash.c:416:10: warning: implicit declaration of function 'SPI_I2S_ReceiveData' [-Wimplicit-function-declaration]
   return SPI_I2S_ReceiveData(sFLASH_SPI);
          ^~~~~~~~~~~~~~~~~~~
../Core/Src/spi_flash.c: In function 'sFLASH_SendHalfWord':
../Core/Src/spi_flash.c:428:44: error: 'SPI_I2S_FLAG_TXE' undeclared (first use in this function); did you mean 'SPI_FLAG_TXE'?
   while (SPI_I2S_GetFlagStatus(sFLASH_SPI, SPI_I2S_FLAG_TXE) == RESET);
                                            ^~~~~~~~~~~~~~~~
                                            SPI_FLAG_TXE
../Core/Src/spi_flash.c:434:44: error: 'SPI_I2S_FLAG_RXNE' undeclared (first use in this function); did you mean 'SPI_I2S_FLAG_TXE'?
   while (SPI_I2S_GetFlagStatus(sFLASH_SPI, SPI_I2S_FLAG_RXNE) == RESET);
                                            ^~~~~~~~~~~~~~~~~
                                            SPI_I2S_FLAG_TXE
In file included from ../Core/Src/spi_flash.c:60:0:
../Core/Src/spi_flash.c: In function 'sFLASH_WriteEnable':
../Core/Inc/spi_flash.h:85:46: error: 'GPIOI' undeclared (first use in this function); did you mean 'GPIOH'?
 #define sFLASH_CS_GPIO_PORT                  GPIOI
                                              ^
../Core/Inc/spi_flash.h:90:46: note: in expansion of macro 'sFLASH_CS_GPIO_PORT'
 #define sFLASH_CS_LOW()       GPIO_ResetBits(sFLASH_CS_GPIO_PORT, sFLASH_CS_PIN)
                                              ^~~~~~~~~~~~~~~~~~~
../Core/Src/spi_flash.c:448:3: note: in expansion of macro 'sFLASH_CS_LOW'
   sFLASH_CS_LOW();
   ^~~~~~~~~~~~~
../Core/Inc/spi_flash.h:84:46: error: 'GPIO_Pin_0' undeclared (first use in this function); did you mean 'GPIO_PIN_0'?
 #define sFLASH_CS_PIN                        GPIO_Pin_0
                                              ^
../Core/Inc/spi_flash.h:90:67: note: in expansion of macro 'sFLASH_CS_PIN'
 #define sFLASH_CS_LOW()       GPIO_ResetBits(sFLASH_CS_GPIO_PORT, sFLASH_CS_PIN)
                                                                   ^~~~~~~~~~~~~
../Core/Src/spi_flash.c:448:3: note: in expansion of macro 'sFLASH_CS_LOW'
   sFLASH_CS_LOW();
   ^~~~~~~~~~~~~
../Core/Src/spi_flash.c: In function 'sFLASH_WaitForWriteEnd':
../Core/Inc/spi_flash.h:85:46: error: 'GPIOI' undeclared (first use in this function); did you mean 'GPIOH'?
 #define sFLASH_CS_GPIO_PORT                  GPIOI
                                              ^
../Core/Inc/spi_flash.h:90:46: note: in expansion of macro 'sFLASH_CS_GPIO_PORT'
 #define sFLASH_CS_LOW()       GPIO_ResetBits(sFLASH_CS_GPIO_PORT, sFLASH_CS_PIN)
                                              ^~~~~~~~~~~~~~~~~~~
../Core/Src/spi_flash.c:468:3: note: in expansion of macro 'sFLASH_CS_LOW'
   sFLASH_CS_LOW();
   ^~~~~~~~~~~~~
../Core/Inc/spi_flash.h:84:46: error: 'GPIO_Pin_0' undeclared (first use in this function); did you mean 'GPIO_PIN_0'?
 #define sFLASH_CS_PIN                        GPIO_Pin_0
                                              ^
../Core/Inc/spi_flash.h:90:67: note: in expansion of macro 'sFLASH_CS_PIN'
 #define sFLASH_CS_LOW()       GPIO_ResetBits(sFLASH_CS_GPIO_PORT, sFLASH_CS_PIN)
                                                                   ^~~~~~~~~~~~~
../Core/Src/spi_flash.c:468:3: note: in expansion of macro 'sFLASH_CS_LOW'
   sFLASH_CS_LOW();
   ^~~~~~~~~~~~~
../Core/Src/spi_flash.c: In function 'sFLASH_LowLevel_Init':
../Core/Inc/spi_flash.h:64:46: warning: implicit declaration of function 'RCC_APB1PeriphClockCmd' [-Wimplicit-function-declaration]
 #define sFLASH_SPI_CLK_INIT                  RCC_APB1PeriphClockCmd
                                              ^
../Core/Src/spi_flash.c:497:3: note: in expansion of macro 'sFLASH_SPI_CLK_INIT'
   sFLASH_SPI_CLK_INIT(sFLASH_SPI_CLK, ENABLE);
   ^~~~~~~~~~~~~~~~~~~
../Core/Inc/spi_flash.h:63:46: error: 'RCC_APB1Periph_SPI2' undeclared (first use in this function); did you mean 'RCC_APB1ENR1_SPI2EN'?
 #define sFLASH_SPI_CLK                       RCC_APB1Periph_SPI2
                                              ^
../Core/Src/spi_flash.c:497:23: note: in expansion of macro 'sFLASH_SPI_CLK'
   sFLASH_SPI_CLK_INIT(sFLASH_SPI_CLK, ENABLE);
                       ^~~~~~~~~~~~~~
../Core/Src/spi_flash.c:500:3: warning: implicit declaration of function 'RCC_AHB1PeriphClockCmd' [-Wimplicit-function-declaration]
   RCC_AHB1PeriphClockCmd(sFLASH_SPI_SCK_GPIO_CLK | sFLASH_SPI_MISO_GPIO_CLK |
   ^~~~~~~~~~~~~~~~~~~~~~
In file included from ../Core/Src/spi_flash.c:60:0:
../Core/Inc/spi_flash.h:68:46: error: 'RCC_AHB1Periph_GPIOI' undeclared (first use in this function); did you mean 'RCC_APB1Periph_SPI2'?
 #define sFLASH_SPI_SCK_GPIO_CLK              RCC_AHB1Periph_GPIOI
                                              ^
../Core/Src/spi_flash.c:500:26: note: in expansion of macro 'sFLASH_SPI_SCK_GPIO_CLK'
   RCC_AHB1PeriphClockCmd(sFLASH_SPI_SCK_GPIO_CLK | sFLASH_SPI_MISO_GPIO_CLK |
                          ^~~~~~~~~~~~~~~~~~~~~~~
../Core/Src/spi_flash.c:506:3: warning: implicit declaration of function 'GPIO_PinAFConfig' [-Wimplicit-function-declaration]
   GPIO_PinAFConfig(sFLASH_SPI_SCK_GPIO_PORT, sFLASH_SPI_SCK_SOURCE, sFLASH_SPI_SCK_AF);
   ^~~~~~~~~~~~~~~~
In file included from ../Core/Src/spi_flash.c:60:0:
../Core/Inc/spi_flash.h:67:46: error: 'GPIOI' undeclared (first use in this function); did you mean 'GPIOH'?
 #define sFLASH_SPI_SCK_GPIO_PORT             GPIOI
                                              ^
../Core/Src/spi_flash.c:506:20: note: in expansion of macro 'sFLASH_SPI_SCK_GPIO_PORT'
   GPIO_PinAFConfig(sFLASH_SPI_SCK_GPIO_PORT, sFLASH_SPI_SCK_SOURCE, sFLASH_SPI_SCK_AF);
                    ^~~~~~~~~~~~~~~~~~~~~~~~
../Core/Inc/spi_flash.h:69:46: error: 'GPIO_PinSource1' undeclared (first use in this function); did you mean 'GPIO_PinState'?
 #define sFLASH_SPI_SCK_SOURCE                GPIO_PinSource1
                                              ^
../Core/Src/spi_flash.c:506:46: note: in expansion of macro 'sFLASH_SPI_SCK_SOURCE'
   GPIO_PinAFConfig(sFLASH_SPI_SCK_GPIO_PORT, sFLASH_SPI_SCK_SOURCE, sFLASH_SPI_SCK_AF);
                                              ^~~~~~~~~~~~~~~~~~~~~
../Core/Inc/spi_flash.h:70:46: error: 'GPIO_AF_SPI2' undeclared (first use in this function); did you mean 'GPIO_AF5_SPI2'?
 #define sFLASH_SPI_SCK_AF                    GPIO_AF_SPI2
                                              ^
../Core/Src/spi_flash.c:506:69: note: in expansion of macro 'sFLASH_SPI_SCK_AF'
   GPIO_PinAFConfig(sFLASH_SPI_SCK_GPIO_PORT, sFLASH_SPI_SCK_SOURCE, sFLASH_SPI_SCK_AF);
                                                                     ^~~~~~~~~~~~~~~~~
../Core/Inc/spi_flash.h:75:46: error: 'GPIO_PinSource2' undeclared (first use in this function); did you mean 'GPIO_PinSource1'?
 #define sFLASH_SPI_MISO_SOURCE               GPIO_PinSource2
                                              ^
../Core/Src/spi_flash.c:507:47: note: in expansion of macro 'sFLASH_SPI_MISO_SOURCE'
   GPIO_PinAFConfig(sFLASH_SPI_MISO_GPIO_PORT, sFLASH_SPI_MISO_SOURCE, sFLASH_SPI_MISO_AF);
                                               ^~~~~~~~~~~~~~~~~~~~~~
../Core/Inc/spi_flash.h:81:46: error: 'GPIO_PinSource3' undeclared (first use in this function); did you mean 'GPIO_PinSource2'?
 #define sFLASH_SPI_MOSI_SOURCE               GPIO_PinSource3
                                              ^
../Core/Src/spi_flash.c:508:47: note: in expansion of macro 'sFLASH_SPI_MOSI_SOURCE'
   GPIO_PinAFConfig(sFLASH_SPI_MOSI_GPIO_PORT, sFLASH_SPI_MOSI_SOURCE, sFLASH_SPI_MOSI_AF);
                                               ^~~~~~~~~~~~~~~~~~~~~~
../Core/Src/spi_flash.c:510:21: error: 'GPIO_InitTypeDef {aka struct <anonymous>}' has no member named 'GPIO_Mode'
   GPIO_InitStructure.GPIO_Mode = GPIO_Mode_AF;
                     ^
../Core/Src/spi_flash.c:510:34: error: 'GPIO_Mode_AF' undeclared (first use in this function); did you mean 'GPIO_TypeDef'?
   GPIO_InitStructure.GPIO_Mode = GPIO_Mode_AF;
                                  ^~~~~~~~~~~~
                                  GPIO_TypeDef
../Core/Src/spi_flash.c:511:22: error: 'GPIO_InitTypeDef {aka struct <anonymous>}' has no member named 'GPIO_Speed'; did you mean 'Speed'?
   GPIO_InitStructure.GPIO_Speed = GPIO_Speed_50MHz;
                      ^~~~~~~~~~
                      Speed
../Core/Src/spi_flash.c:511:35: error: 'GPIO_Speed_50MHz' undeclared (first use in this function); did you mean 'GPIO_AF0_RTC_50Hz'?
   GPIO_InitStructure.GPIO_Speed = GPIO_Speed_50MHz;
                                   ^~~~~~~~~~~~~~~~
                                   GPIO_AF0_RTC_50Hz
../Core/Src/spi_flash.c:512:21: error: 'GPIO_InitTypeDef {aka struct <anonymous>}' has no member named 'GPIO_OType'
   GPIO_InitStructure.GPIO_OType = GPIO_OType_PP;
                     ^
../Core/Src/spi_flash.c:512:35: error: 'GPIO_OType_PP' undeclared (first use in this function); did you mean 'GPIO_TypeDef'?
   GPIO_InitStructure.GPIO_OType = GPIO_OType_PP;
                                   ^~~~~~~~~~~~~
                                   GPIO_TypeDef
../Core/Src/spi_flash.c:513:21: error: 'GPIO_InitTypeDef {aka struct <anonymous>}' has no member named 'GPIO_PuPd'
   GPIO_InitStructure.GPIO_PuPd  = GPIO_PuPd_DOWN;
                     ^
../Core/Src/spi_flash.c:513:35: error: 'GPIO_PuPd_DOWN' undeclared (first use in this function); did you mean 'GPIO_PULLDOWN'?
   GPIO_InitStructure.GPIO_PuPd  = GPIO_PuPd_DOWN;
                                   ^~~~~~~~~~~~~~
                                   GPIO_PULLDOWN
../Core/Src/spi_flash.c:516:21: error: 'GPIO_InitTypeDef {aka struct <anonymous>}' has no member named 'GPIO_Pin'
   GPIO_InitStructure.GPIO_Pin = sFLASH_SPI_SCK_PIN;
                     ^
In file included from ../Core/Src/spi_flash.c:60:0:
../Core/Inc/spi_flash.h:66:46: error: 'GPIO_Pin_1' undeclared (first use in this function); did you mean 'GPIO_PIN_1'?
 #define sFLASH_SPI_SCK_PIN                   GPIO_Pin_1
                                              ^
../Core/Src/spi_flash.c:516:33: note: in expansion of macro 'sFLASH_SPI_SCK_PIN'
   GPIO_InitStructure.GPIO_Pin = sFLASH_SPI_SCK_PIN;
                                 ^~~~~~~~~~~~~~~~~~
../Core/Src/spi_flash.c:517:3: warning: implicit declaration of function 'GPIO_Init'; did you mean 'HAL_Init'? [-Wimplicit-function-declaration]
   GPIO_Init(sFLASH_SPI_SCK_GPIO_PORT, &GPIO_InitStructure);
   ^~~~~~~~~
   HAL_Init
../Core/Src/spi_flash.c:520:21: error: 'GPIO_InitTypeDef {aka struct <anonymous>}' has no member named 'GPIO_Pin'
   GPIO_InitStructure.GPIO_Pin =  sFLASH_SPI_MOSI_PIN;
                     ^
In file included from ../Core/Src/spi_flash.c:60:0:
../Core/Inc/spi_flash.h:78:46: error: 'GPIO_Pin_3' undeclared (first use in this function); did you mean 'GPIO_Pin_1'?
 #define sFLASH_SPI_MOSI_PIN                  GPIO_Pin_3
                                              ^
../Core/Src/spi_flash.c:520:34: note: in expansion of macro 'sFLASH_SPI_MOSI_PIN'
   GPIO_InitStructure.GPIO_Pin =  sFLASH_SPI_MOSI_PIN;
                                  ^~~~~~~~~~~~~~~~~~~
../Core/Src/spi_flash.c:524:21: error: 'GPIO_InitTypeDef {aka struct <anonymous>}' has no member named 'GPIO_Pin'
   GPIO_InitStructure.GPIO_Pin =  sFLASH_SPI_MISO_PIN;
                     ^
In file included from ../Core/Src/spi_flash.c:60:0:
../Core/Inc/spi_flash.h:72:46: error: 'GPIO_Pin_2' undeclared (first use in this function); did you mean 'GPIO_Pin_3'?
 #define sFLASH_SPI_MISO_PIN                  GPIO_Pin_2
                                              ^
../Core/Src/spi_flash.c:524:34: note: in expansion of macro 'sFLASH_SPI_MISO_PIN'
   GPIO_InitStructure.GPIO_Pin =  sFLASH_SPI_MISO_PIN;
                                  ^~~~~~~~~~~~~~~~~~~
../Core/Src/spi_flash.c:528:21: error: 'GPIO_InitTypeDef {aka struct <anonymous>}' has no member named 'GPIO_Pin'
   GPIO_InitStructure.GPIO_Pin = sFLASH_CS_PIN;
                     ^
In file included from ../Core/Src/spi_flash.c:60:0:
../Core/Inc/spi_flash.h:84:46: error: 'GPIO_Pin_0' undeclared (first use in this function); did you mean 'GPIO_Pin_2'?
 #define sFLASH_CS_PIN                        GPIO_Pin_0
                                              ^
../Core/Src/spi_flash.c:528:33: note: in expansion of macro 'sFLASH_CS_PIN'
   GPIO_InitStructure.GPIO_Pin = sFLASH_CS_PIN;
                                 ^~~~~~~~~~~~~
../Core/Src/spi_flash.c:529:21: error: 'GPIO_InitTypeDef {aka struct <anonymous>}' has no member named 'GPIO_Mode'
   GPIO_InitStructure.GPIO_Mode = GPIO_Mode_OUT;
                     ^
../Core/Src/spi_flash.c:529:34: error: 'GPIO_Mode_OUT' undeclared (first use in this function); did you mean 'GPIO_Mode_AF'?
   GPIO_InitStructure.GPIO_Mode = GPIO_Mode_OUT;
                                  ^~~~~~~~~~~~~
                                  GPIO_Mode_AF
../Core/Src/spi_flash.c:530:21: error: 'GPIO_InitTypeDef {aka struct <anonymous>}' has no member named 'GPIO_OType'
   GPIO_InitStructure.GPIO_OType = GPIO_OType_PP;
                     ^
../Core/Src/spi_flash.c:531:22: error: 'GPIO_InitTypeDef {aka struct <anonymous>}' has no member named 'GPIO_Speed'; did you mean 'Speed'?
   GPIO_InitStructure.GPIO_Speed = GPIO_Speed_50MHz;
                      ^~~~~~~~~~
                      Speed
../Core/Src/spi_flash.c:532:21: error: 'GPIO_InitTypeDef {aka struct <anonymous>}' has no member named 'GPIO_PuPd'
   GPIO_InitStructure.GPIO_PuPd = GPIO_PuPd_NOPULL;
                     ^
../Core/Src/spi_flash.c:532:34: error: 'GPIO_PuPd_NOPULL' undeclared (first use in this function); did you mean 'GPIO_PuPd_DOWN'?
   GPIO_InitStructure.GPIO_PuPd = GPIO_PuPd_NOPULL;
                                  ^~~~~~~~~~~~~~~~
                                  GPIO_PuPd_DOWN
../Core/Src/spi_flash.c: In function 'sFLASH_LowLevel_DeInit':
../Core/Src/spi_flash.c:549:3: warning: implicit declaration of function 'SPI_I2S_DeInit'; did you mean 'HAL_I2C_DeInit'? [-Wimplicit-function-declaration]
   SPI_I2S_DeInit(sFLASH_SPI);
   ^~~~~~~~~~~~~~
   HAL_I2C_DeInit
In file included from ../Core/Src/spi_flash.c:60:0:
../Core/Inc/spi_flash.h:63:46: error: 'RCC_APB1Periph_SPI2' undeclared (first use in this function); did you mean 'RCC_APB1ENR1_SPI2EN'?
 #define sFLASH_SPI_CLK                       RCC_APB1Periph_SPI2
                                              ^
../Core/Src/spi_flash.c:552:23: note: in expansion of macro 'sFLASH_SPI_CLK'
   sFLASH_SPI_CLK_INIT(sFLASH_SPI_CLK, DISABLE);
                       ^~~~~~~~~~~~~~
../Core/Src/spi_flash.c:555:21: error: 'GPIO_InitTypeDef {aka struct <anonymous>}' has no member named 'GPIO_Mode'
   GPIO_InitStructure.GPIO_Mode = GPIO_Mode_IN;
                     ^
../Core/Src/spi_flash.c:555:34: error: 'GPIO_Mode_IN' undeclared (first use in this function); did you mean 'GPIO_AF1_IR'?
   GPIO_InitStructure.GPIO_Mode = GPIO_Mode_IN;
                                  ^~~~~~~~~~~~
                                  GPIO_AF1_IR
../Core/Src/spi_flash.c:556:21: error: 'GPIO_InitTypeDef {aka struct <anonymous>}' has no member named 'GPIO_PuPd'
   GPIO_InitStructure.GPIO_PuPd = GPIO_PuPd_NOPULL;
                     ^
../Core/Src/spi_flash.c:556:34: error: 'GPIO_PuPd_NOPULL' undeclared (first use in this function); did you mean 'GPIO_NOPULL'?
   GPIO_InitStructure.GPIO_PuPd = GPIO_PuPd_NOPULL;
                                  ^~~~~~~~~~~~~~~~
                                  GPIO_NOPULL
../Core/Src/spi_flash.c:558:21: error: 'GPIO_InitTypeDef {aka struct <anonymous>}' has no member named 'GPIO_Pin'
   GPIO_InitStructure.GPIO_Pin = sFLASH_SPI_SCK_PIN;
                     ^
In file included from ../Core/Src/spi_flash.c:60:0:
../Core/Inc/spi_flash.h:66:46: error: 'GPIO_Pin_1' undeclared (first use in this function); did you mean 'GPIO_PIN_1'?
 #define sFLASH_SPI_SCK_PIN                   GPIO_Pin_1
                                              ^
../Core/Src/spi_flash.c:558:33: note: in expansion of macro 'sFLASH_SPI_SCK_PIN'
   GPIO_InitStructure.GPIO_Pin = sFLASH_SPI_SCK_PIN;
                                 ^~~~~~~~~~~~~~~~~~
../Core/Inc/spi_flash.h:67:46: error: 'GPIOI' undeclared (first use in this function); did you mean 'GPIOH'?
 #define sFLASH_SPI_SCK_GPIO_PORT             GPIOI
                                              ^
../Core/Src/spi_flash.c:559:13: note: in expansion of macro 'sFLASH_SPI_SCK_GPIO_PORT'
   GPIO_Init(sFLASH_SPI_SCK_GPIO_PORT, &GPIO_InitStructure);
             ^~~~~~~~~~~~~~~~~~~~~~~~
../Core/Src/spi_flash.c:561:21: error: 'GPIO_InitTypeDef {aka struct <anonymous>}' has no member named 'GPIO_Pin'
   GPIO_InitStructure.GPIO_Pin = sFLASH_SPI_MISO_PIN;
                     ^
In file included from ../Core/Src/spi_flash.c:60:0:
../Core/Inc/spi_flash.h:72:46: error: 'GPIO_Pin_2' undeclared (first use in this function); did you mean 'GPIO_Pin_1'?
 #define sFLASH_SPI_MISO_PIN                  GPIO_Pin_2
                                              ^
../Core/Src/spi_flash.c:561:33: note: in expansion of macro 'sFLASH_SPI_MISO_PIN'
   GPIO_InitStructure.GPIO_Pin = sFLASH_SPI_MISO_PIN;
                                 ^~~~~~~~~~~~~~~~~~~
../Core/Src/spi_flash.c:564:21: error: 'GPIO_InitTypeDef {aka struct <anonymous>}' has no member named 'GPIO_Pin'
   GPIO_InitStructure.GPIO_Pin = sFLASH_SPI_MOSI_PIN;
                     ^
In file included from ../Core/Src/spi_flash.c:60:0:
../Core/Inc/spi_flash.h:78:46: error: 'GPIO_Pin_3' undeclared (first use in this function); did you mean 'GPIO_Pin_2'?
 #define sFLASH_SPI_MOSI_PIN                  GPIO_Pin_3
                                              ^
../Core/Src/spi_flash.c:564:33: note: in expansion of macro 'sFLASH_SPI_MOSI_PIN'
   GPIO_InitStructure.GPIO_Pin = sFLASH_SPI_MOSI_PIN;
                                 ^~~~~~~~~~~~~~~~~~~
../Core/Src/spi_flash.c:567:21: error: 'GPIO_InitTypeDef {aka struct <anonymous>}' has no member named 'GPIO_Pin'
   GPIO_InitStructure.GPIO_Pin = sFLASH_CS_PIN;
                     ^
In file included from ../Core/Src/spi_flash.c:60:0:
../Core/Inc/spi_flash.h:84:46: error: 'GPIO_Pin_0' undeclared (first use in this function); did you mean 'GPIO_Pin_3'?
 #define sFLASH_CS_PIN                        GPIO_Pin_0
                                              ^
../Core/Src/spi_flash.c:567:33: note: in expansion of macro 'sFLASH_CS_PIN'
   GPIO_InitStructure.GPIO_Pin = sFLASH_CS_PIN;
                                 ^~~~~~~~~~~~~
make: *** [Core/Src/subdir.mk:53: Core/Src/spi_flash.o] Error 1
"make -j12 all" terminated with exit code 2. Build might be incomplete.
22:45:23 **** Incremental Build of configuration Debug for project RFID_KPZ ****
make -j12 all 
arm-none-eabi-gcc "../Core/Src/main.c" -mcpu=cortex-m4 -std=gnu11 -g3 -DUSE_HAL_DRIVER -DSTM32L476xx -DDEBUG -c -I../Core/Inc -I../Drivers/STM32L4xx_HAL_Driver/Inc -I../Drivers/STM32L4xx_HAL_Driver/Inc/Legacy -I../Drivers/CMSIS/Device/ST/STM32L4xx/Include -I../Drivers/CMSIS/Include -O0 -ffunction-sections -fdata-sections -Wall -fstack-usage -MMD -MP -MF"Core/Src/main.d" -MT"Core/Src/main.o" --specs=nano.specs -mfpu=fpv4-sp-d16 -mfloat-abi=hard -mthumb -o "Core/Src/main.o"
In file included from ../Core/Inc/app.h:5:0,
                 from ../Core/Src/main.c:25:
../Core/Inc/keypad.h:63:13: warning: 'keypad_index_char_array' defined but not used [-Wunused-variable]
 static char keypad_index_char_array[] = {'6','4','5','9','7','8','#','*','0','3','1','2'};
             ^~~~~~~~~~~~~~~~~~~~~~~
../Core/Inc/keypad.h:50:17: warning: 'column_pins_array' defined but not used [-Wunused-variable]
 static uint16_t column_pins_array[] = {COLUMN_1_IN_PIN,
                 ^~~~~~~~~~~~~~~~~
../Core/Inc/keypad.h:45:17: warning: 'row_pins_array' defined but not used [-Wunused-variable]
 static uint16_t row_pins_array[] = {ROW_1_OUT_PIN,
                 ^~~~~~~~~~~~~~
../Core/Inc/keypad.h:41:22: warning: 'column_ports_array' defined but not used [-Wunused-variable]
 static GPIO_TypeDef *column_ports_array[] = {COLUMN_1_IN_PORT,
                      ^~~~~~~~~~~~~~~~~~
../Core/Inc/keypad.h:36:22: warning: 'row_ports_array' defined but not used [-Wunused-variable]
 static GPIO_TypeDef *row_ports_array[] = {ROW_1_OUT_PORT,
                      ^~~~~~~~~~~~~~~
arm-none-eabi-gcc -o "RFID_KPZ.elf" @"objects.list"   -mcpu=cortex-m4 -T"C:\Users\chedo\OneDrive\Pulpit\SEMESTR_6\KPZ\RFID-acces-control\RFID_KPZ\STM32L476RGTX_FLASH.ld" --specs=nosys.specs -Wl,-Map="RFID_KPZ.map" -Wl,--gc-sections -static --specs=nano.specs -mfpu=fpv4-sp-d16 -mfloat-abi=hard -mthumb -Wl,--start-group -lc -lm -Wl,--end-group
Finished building target: RFID_KPZ.elf
 
arm-none-eabi-objdump -h -S  RFID_KPZ.elf  > "RFID_KPZ.list"
arm-none-eabi-objcopy  -O binary  RFID_KPZ.elf  "RFID_KPZ.bin"
arm-none-eabi-size   RFID_KPZ.elf 
   text	   data	    bss	    dec	    hex	filename
  23444	     44	   2180	  25668	   6444	RFID_KPZ.elf
Finished building: default.size.stdout
 
Finished building: RFID_KPZ.bin
 
Finished building: RFID_KPZ.list
 
22:45:34 **** Incremental Build of configuration Debug for project RFID_KPZ ****
make -j12 all 
arm-none-eabi-size   RFID_KPZ.elf 
   text	   data	    bss	    dec	    hex	filename
  23444	     44	   2180	  25668	   6444	RFID_KPZ.elf
Finished building: default.size.stdout
 
22:54:18 **** Incremental Build of configuration Debug for project RFID_KPZ ****
make -j12 all 
arm-none-eabi-gcc "../Core/Src/main.c" -mcpu=cortex-m4 -std=gnu11 -g3 -DUSE_HAL_DRIVER -DSTM32L476xx -DDEBUG -c -I../Core/Inc -I../Drivers/STM32L4xx_HAL_Driver/Inc -I../Drivers/STM32L4xx_HAL_Driver/Inc/Legacy -I../Drivers/CMSIS/Device/ST/STM32L4xx/Include -I../Drivers/CMSIS/Include -O0 -ffunction-sections -fdata-sections -Wall -fstack-usage -MMD -MP -MF"Core/Src/main.d" -MT"Core/Src/main.o" --specs=nano.specs -mfpu=fpv4-sp-d16 -mfloat-abi=hard -mthumb -o "Core/Src/main.o"
../Core/Src/main.c: In function 'main':
../Core/Src/main.c:154:19: warning: initialization makes pointer from integer without a cast [-Wint-conversion]
   uint8_t *data = 0x05;
                   ^~~~
../Core/Src/main.c:159:17: warning: passing argument 1 of 'lcd_send_data' makes integer from pointer without a cast [-Wint-conversion]
   lcd_send_data(data, &hi2c1);
                 ^~~~
In file included from ../Core/Inc/app.h:4:0,
                 from ../Core/Src/main.c:25:
../Core/Inc/lcd.h:9:6: note: expected 'char' but argument is of type 'uint8_t * {aka unsigned char *}'
 void lcd_send_data (char data, I2C_HandleTypeDef *i2c_handle);
      ^~~~~~~~~~~~~
In file included from ../Core/Inc/app.h:5:0,
                 from ../Core/Src/main.c:25:
At top level:
../Core/Inc/keypad.h:63:13: warning: 'keypad_index_char_array' defined but not used [-Wunused-variable]
 static char keypad_index_char_array[] = {'6','4','5','9','7','8','#','*','0','3','1','2'};
             ^~~~~~~~~~~~~~~~~~~~~~~
../Core/Inc/keypad.h:50:17: warning: 'column_pins_array' defined but not used [-Wunused-variable]
 static uint16_t column_pins_array[] = {COLUMN_1_IN_PIN,
                 ^~~~~~~~~~~~~~~~~
../Core/Inc/keypad.h:45:17: warning: 'row_pins_array' defined but not used [-Wunused-variable]
 static uint16_t row_pins_array[] = {ROW_1_OUT_PIN,
                 ^~~~~~~~~~~~~~
../Core/Inc/keypad.h:41:22: warning: 'column_ports_array' defined but not used [-Wunused-variable]
 static GPIO_TypeDef *column_ports_array[] = {COLUMN_1_IN_PORT,
                      ^~~~~~~~~~~~~~~~~~
../Core/Inc/keypad.h:36:22: warning: 'row_ports_array' defined but not used [-Wunused-variable]
 static GPIO_TypeDef *row_ports_array[] = {ROW_1_OUT_PORT,
                      ^~~~~~~~~~~~~~~
arm-none-eabi-gcc -o "RFID_KPZ.elf" @"objects.list"   -mcpu=cortex-m4 -T"C:\Users\chedo\OneDrive\Pulpit\SEMESTR_6\KPZ\RFID-acces-control\RFID_KPZ\STM32L476RGTX_FLASH.ld" --specs=nosys.specs -Wl,-Map="RFID_KPZ.map" -Wl,--gc-sections -static --specs=nano.specs -mfpu=fpv4-sp-d16 -mfloat-abi=hard -mthumb -Wl,--start-group -lc -lm -Wl,--end-group
Finished building target: RFID_KPZ.elf
 
arm-none-eabi-objdump -h -S  RFID_KPZ.elf  > "RFID_KPZ.list"
arm-none-eabi-objcopy  -O binary  RFID_KPZ.elf  "RFID_KPZ.bin"
arm-none-eabi-size   RFID_KPZ.elf 
   text	   data	    bss	    dec	    hex	filename
  21348	     44	   2180	  23572	   5c14	RFID_KPZ.elf
Finished building: default.size.stdout
 
Finished building: RFID_KPZ.bin
 
Finished building: RFID_KPZ.list
 
22:55:48 **** Incremental Build of configuration Debug for project RFID_KPZ ****
make -j12 all 
arm-none-eabi-gcc "../Core/Src/main.c" -mcpu=cortex-m4 -std=gnu11 -g3 -DUSE_HAL_DRIVER -DSTM32L476xx -DDEBUG -c -I../Core/Inc -I../Drivers/STM32L4xx_HAL_Driver/Inc -I../Drivers/STM32L4xx_HAL_Driver/Inc/Legacy -I../Drivers/CMSIS/Device/ST/STM32L4xx/Include -I../Drivers/CMSIS/Include -O0 -ffunction-sections -fdata-sections -Wall -fstack-usage -MMD -MP -MF"Core/Src/main.d" -MT"Core/Src/main.o" --specs=nano.specs -mfpu=fpv4-sp-d16 -mfloat-abi=hard -mthumb -o "Core/Src/main.o"
In file included from ../Core/Inc/app.h:5:0,
                 from ../Core/Src/main.c:25:
../Core/Inc/keypad.h:63:13: warning: 'keypad_index_char_array' defined but not used [-Wunused-variable]
 static char keypad_index_char_array[] = {'6','4','5','9','7','8','#','*','0','3','1','2'};
             ^~~~~~~~~~~~~~~~~~~~~~~
../Core/Inc/keypad.h:50:17: warning: 'column_pins_array' defined but not used [-Wunused-variable]
 static uint16_t column_pins_array[] = {COLUMN_1_IN_PIN,
                 ^~~~~~~~~~~~~~~~~
../Core/Inc/keypad.h:45:17: warning: 'row_pins_array' defined but not used [-Wunused-variable]
 static uint16_t row_pins_array[] = {ROW_1_OUT_PIN,
                 ^~~~~~~~~~~~~~
../Core/Inc/keypad.h:41:22: warning: 'column_ports_array' defined but not used [-Wunused-variable]
 static GPIO_TypeDef *column_ports_array[] = {COLUMN_1_IN_PORT,
                      ^~~~~~~~~~~~~~~~~~
../Core/Inc/keypad.h:36:22: warning: 'row_ports_array' defined but not used [-Wunused-variable]
 static GPIO_TypeDef *row_ports_array[] = {ROW_1_OUT_PORT,
                      ^~~~~~~~~~~~~~~
arm-none-eabi-gcc -o "RFID_KPZ.elf" @"objects.list"   -mcpu=cortex-m4 -T"C:\Users\chedo\OneDrive\Pulpit\SEMESTR_6\KPZ\RFID-acces-control\RFID_KPZ\STM32L476RGTX_FLASH.ld" --specs=nosys.specs -Wl,-Map="RFID_KPZ.map" -Wl,--gc-sections -static --specs=nano.specs -mfpu=fpv4-sp-d16 -mfloat-abi=hard -mthumb -Wl,--start-group -lc -lm -Wl,--end-group
Finished building target: RFID_KPZ.elf
 
arm-none-eabi-objdump -h -S  RFID_KPZ.elf  > "RFID_KPZ.list"
arm-none-eabi-objcopy  -O binary  RFID_KPZ.elf  "RFID_KPZ.bin"
arm-none-eabi-size   RFID_KPZ.elf 
   text	   data	    bss	    dec	    hex	filename
  23204	     44	   2180	  25428	   6354	RFID_KPZ.elf
Finished building: default.size.stdout
 
Finished building: RFID_KPZ.bin
 
Finished building: RFID_KPZ.list
 
22:56:00 **** Incremental Build of configuration Debug for project RFID_KPZ ****
make -j12 all 
arm-none-eabi-size   RFID_KPZ.elf 
   text	   data	    bss	    dec	    hex	filename
  23204	     44	   2180	  25428	   6354	RFID_KPZ.elf
Finished building: default.size.stdout
 
22:56:28 **** Incremental Build of configuration Debug for project RFID_KPZ ****
make -j12 all 
arm-none-eabi-size   RFID_KPZ.elf 
   text	   data	    bss	    dec	    hex	filename
  23204	     44	   2180	  25428	   6354	RFID_KPZ.elf
Finished building: default.size.stdout
 
22:57:18 **** Incremental Build of configuration Debug for project RFID_KPZ ****
make -j12 all 
arm-none-eabi-size   RFID_KPZ.elf 
   text	   data	    bss	    dec	    hex	filename
  23204	     44	   2180	  25428	   6354	RFID_KPZ.elf
Finished building: default.size.stdout
 
22:59:47 **** Incremental Build of configuration Debug for project RFID_KPZ ****
make -j12 all 
arm-none-eabi-gcc "../Core/Src/main.c" -mcpu=cortex-m4 -std=gnu11 -g3 -DUSE_HAL_DRIVER -DSTM32L476xx -DDEBUG -c -I../Core/Inc -I../Drivers/STM32L4xx_HAL_Driver/Inc -I../Drivers/STM32L4xx_HAL_Driver/Inc/Legacy -I../Drivers/CMSIS/Device/ST/STM32L4xx/Include -I../Drivers/CMSIS/Include -O0 -ffunction-sections -fdata-sections -Wall -fstack-usage -MMD -MP -MF"Core/Src/main.d" -MT"Core/Src/main.o" --specs=nano.specs -mfpu=fpv4-sp-d16 -mfloat-abi=hard -mthumb -o "Core/Src/main.o"
In file included from ../Core/Inc/app.h:5:0,
                 from ../Core/Src/main.c:25:
../Core/Inc/keypad.h:63:13: warning: 'keypad_index_char_array' defined but not used [-Wunused-variable]
 static char keypad_index_char_array[] = {'6','4','5','9','7','8','#','*','0','3','1','2'};
             ^~~~~~~~~~~~~~~~~~~~~~~
../Core/Inc/keypad.h:50:17: warning: 'column_pins_array' defined but not used [-Wunused-variable]
 static uint16_t column_pins_array[] = {COLUMN_1_IN_PIN,
                 ^~~~~~~~~~~~~~~~~
../Core/Inc/keypad.h:45:17: warning: 'row_pins_array' defined but not used [-Wunused-variable]
 static uint16_t row_pins_array[] = {ROW_1_OUT_PIN,
                 ^~~~~~~~~~~~~~
../Core/Inc/keypad.h:41:22: warning: 'column_ports_array' defined but not used [-Wunused-variable]
 static GPIO_TypeDef *column_ports_array[] = {COLUMN_1_IN_PORT,
                      ^~~~~~~~~~~~~~~~~~
../Core/Inc/keypad.h:36:22: warning: 'row_ports_array' defined but not used [-Wunused-variable]
 static GPIO_TypeDef *row_ports_array[] = {ROW_1_OUT_PORT,
                      ^~~~~~~~~~~~~~~
arm-none-eabi-gcc -o "RFID_KPZ.elf" @"objects.list"   -mcpu=cortex-m4 -T"C:\Users\chedo\OneDrive\Pulpit\SEMESTR_6\KPZ\RFID-acces-control\RFID_KPZ\STM32L476RGTX_FLASH.ld" --specs=nosys.specs -Wl,-Map="RFID_KPZ.map" -Wl,--gc-sections -static --specs=nano.specs -mfpu=fpv4-sp-d16 -mfloat-abi=hard -mthumb -Wl,--start-group -lc -lm -Wl,--end-group
Finished building target: RFID_KPZ.elf
 
arm-none-eabi-objdump -h -S  RFID_KPZ.elf  > "RFID_KPZ.list"
arm-none-eabi-objcopy  -O binary  RFID_KPZ.elf  "RFID_KPZ.bin"
arm-none-eabi-size   RFID_KPZ.elf 
   text	   data	    bss	    dec	    hex	filename
  23252	     44	   2180	  25476	   6384	RFID_KPZ.elf
Finished building: default.size.stdout
 
Finished building: RFID_KPZ.bin
 
Finished building: RFID_KPZ.list
 
23:09:23 **** Incremental Build of configuration Debug for project RFID_KPZ ****
make -j12 all 
arm-none-eabi-gcc "../Core/Src/main.c" -mcpu=cortex-m4 -std=gnu11 -g3 -DUSE_HAL_DRIVER -DSTM32L476xx -DDEBUG -c -I../Core/Inc -I../Drivers/STM32L4xx_HAL_Driver/Inc -I../Drivers/STM32L4xx_HAL_Driver/Inc/Legacy -I../Drivers/CMSIS/Device/ST/STM32L4xx/Include -I../Drivers/CMSIS/Include -O0 -ffunction-sections -fdata-sections -Wall -fstack-usage -MMD -MP -MF"Core/Src/main.d" -MT"Core/Src/main.o" --specs=nano.specs -mfpu=fpv4-sp-d16 -mfloat-abi=hard -mthumb -o "Core/Src/main.o"
In file included from ../Core/Inc/app.h:5:0,
                 from ../Core/Src/main.c:25:
../Core/Inc/keypad.h:63:13: warning: 'keypad_index_char_array' defined but not used [-Wunused-variable]
 static char keypad_index_char_array[] = {'6','4','5','9','7','8','#','*','0','3','1','2'};
             ^~~~~~~~~~~~~~~~~~~~~~~
../Core/Inc/keypad.h:50:17: warning: 'column_pins_array' defined but not used [-Wunused-variable]
 static uint16_t column_pins_array[] = {COLUMN_1_IN_PIN,
                 ^~~~~~~~~~~~~~~~~
../Core/Inc/keypad.h:45:17: warning: 'row_pins_array' defined but not used [-Wunused-variable]
 static uint16_t row_pins_array[] = {ROW_1_OUT_PIN,
                 ^~~~~~~~~~~~~~
../Core/Inc/keypad.h:41:22: warning: 'column_ports_array' defined but not used [-Wunused-variable]
 static GPIO_TypeDef *column_ports_array[] = {COLUMN_1_IN_PORT,
                      ^~~~~~~~~~~~~~~~~~
../Core/Inc/keypad.h:36:22: warning: 'row_ports_array' defined but not used [-Wunused-variable]
 static GPIO_TypeDef *row_ports_array[] = {ROW_1_OUT_PORT,
                      ^~~~~~~~~~~~~~~
arm-none-eabi-gcc -o "RFID_KPZ.elf" @"objects.list"   -mcpu=cortex-m4 -T"C:\Users\chedo\OneDrive\Pulpit\SEMESTR_6\KPZ\RFID-acces-control\RFID_KPZ\STM32L476RGTX_FLASH.ld" --specs=nosys.specs -Wl,-Map="RFID_KPZ.map" -Wl,--gc-sections -static --specs=nano.specs -mfpu=fpv4-sp-d16 -mfloat-abi=hard -mthumb -Wl,--start-group -lc -lm -Wl,--end-group
Finished building target: RFID_KPZ.elf
 
arm-none-eabi-objdump -h -S  RFID_KPZ.elf  > "RFID_KPZ.list"
arm-none-eabi-objcopy  -O binary  RFID_KPZ.elf  "RFID_KPZ.bin"
arm-none-eabi-size   RFID_KPZ.elf 
   text	   data	    bss	    dec	    hex	filename
  23364	     44	   2180	  25588	   63f4	RFID_KPZ.elf
Finished building: default.size.stdout
 
Finished building: RFID_KPZ.bin
 
Finished building: RFID_KPZ.list
 
23:09:32 **** Incremental Build of configuration Debug for project RFID_KPZ ****
make -j12 all 
arm-none-eabi-size   RFID_KPZ.elf 
   text	   data	    bss	    dec	    hex	filename
  23364	     44	   2180	  25588	   63f4	RFID_KPZ.elf
Finished building: default.size.stdout
 
23:10:40 **** Incremental Build of configuration Debug for project RFID_KPZ ****
make -j12 all 
arm-none-eabi-gcc "../Core/Src/main.c" -mcpu=cortex-m4 -std=gnu11 -g3 -DUSE_HAL_DRIVER -DSTM32L476xx -DDEBUG -c -I../Core/Inc -I../Drivers/STM32L4xx_HAL_Driver/Inc -I../Drivers/STM32L4xx_HAL_Driver/Inc/Legacy -I../Drivers/CMSIS/Device/ST/STM32L4xx/Include -I../Drivers/CMSIS/Include -O0 -ffunction-sections -fdata-sections -Wall -fstack-usage -MMD -MP -MF"Core/Src/main.d" -MT"Core/Src/main.o" --specs=nano.specs -mfpu=fpv4-sp-d16 -mfloat-abi=hard -mthumb -o "Core/Src/main.o"
../Core/Src/main.c: In function 'main':
../Core/Src/main.c:130:11: error: redefinition of 'data'
   uint8_t data = 0x06;
           ^~~~
../Core/Src/main.c:117:13: note: previous definition of 'data' was here
     uint8_t data = 0x50;
             ^~~~
In file included from ../Core/Inc/app.h:5:0,
                 from ../Core/Src/main.c:25:
At top level:
../Core/Inc/keypad.h:63:13: warning: 'keypad_index_char_array' defined but not used [-Wunused-variable]
 static char keypad_index_char_array[] = {'6','4','5','9','7','8','#','*','0','3','1','2'};
             ^~~~~~~~~~~~~~~~~~~~~~~
../Core/Inc/keypad.h:50:17: warning: 'column_pins_array' defined but not used [-Wunused-variable]
 static uint16_t column_pins_array[] = {COLUMN_1_IN_PIN,
                 ^~~~~~~~~~~~~~~~~
../Core/Inc/keypad.h:45:17: warning: 'row_pins_array' defined but not used [-Wunused-variable]
 static uint16_t row_pins_array[] = {ROW_1_OUT_PIN,
                 ^~~~~~~~~~~~~~
../Core/Inc/keypad.h:41:22: warning: 'column_ports_array' defined but not used [-Wunused-variable]
 static GPIO_TypeDef *column_ports_array[] = {COLUMN_1_IN_PORT,
                      ^~~~~~~~~~~~~~~~~~
../Core/Inc/keypad.h:36:22: warning: 'row_ports_array' defined but not used [-Wunused-variable]
 static GPIO_TypeDef *row_ports_array[] = {ROW_1_OUT_PORT,
                      ^~~~~~~~~~~~~~~
make: *** [Core/Src/subdir.mk:48: Core/Src/main.o] Error 1
"make -j12 all" terminated with exit code 2. Build might be incomplete.
23:10:56 **** Incremental Build of configuration Debug for project RFID_KPZ ****
make -j12 all 
arm-none-eabi-gcc "../Core/Src/main.c" -mcpu=cortex-m4 -std=gnu11 -g3 -DUSE_HAL_DRIVER -DSTM32L476xx -DDEBUG -c -I../Core/Inc -I../Drivers/STM32L4xx_HAL_Driver/Inc -I../Drivers/STM32L4xx_HAL_Driver/Inc/Legacy -I../Drivers/CMSIS/Device/ST/STM32L4xx/Include -I../Drivers/CMSIS/Include -O0 -ffunction-sections -fdata-sections -Wall -fstack-usage -MMD -MP -MF"Core/Src/main.d" -MT"Core/Src/main.o" --specs=nano.specs -mfpu=fpv4-sp-d16 -mfloat-abi=hard -mthumb -o "Core/Src/main.o"
In file included from ../Core/Inc/app.h:5:0,
                 from ../Core/Src/main.c:25:
../Core/Inc/keypad.h:63:13: warning: 'keypad_index_char_array' defined but not used [-Wunused-variable]
 static char keypad_index_char_array[] = {'6','4','5','9','7','8','#','*','0','3','1','2'};
             ^~~~~~~~~~~~~~~~~~~~~~~
../Core/Inc/keypad.h:50:17: warning: 'column_pins_array' defined but not used [-Wunused-variable]
 static uint16_t column_pins_array[] = {COLUMN_1_IN_PIN,
                 ^~~~~~~~~~~~~~~~~
../Core/Inc/keypad.h:45:17: warning: 'row_pins_array' defined but not used [-Wunused-variable]
 static uint16_t row_pins_array[] = {ROW_1_OUT_PIN,
                 ^~~~~~~~~~~~~~
../Core/Inc/keypad.h:41:22: warning: 'column_ports_array' defined but not used [-Wunused-variable]
 static GPIO_TypeDef *column_ports_array[] = {COLUMN_1_IN_PORT,
                      ^~~~~~~~~~~~~~~~~~
../Core/Inc/keypad.h:36:22: warning: 'row_ports_array' defined but not used [-Wunused-variable]
 static GPIO_TypeDef *row_ports_array[] = {ROW_1_OUT_PORT,
                      ^~~~~~~~~~~~~~~
arm-none-eabi-gcc -o "RFID_KPZ.elf" @"objects.list"   -mcpu=cortex-m4 -T"C:\Users\chedo\OneDrive\Pulpit\SEMESTR_6\KPZ\RFID-acces-control\RFID_KPZ\STM32L476RGTX_FLASH.ld" --specs=nosys.specs -Wl,-Map="RFID_KPZ.map" -Wl,--gc-sections -static --specs=nano.specs -mfpu=fpv4-sp-d16 -mfloat-abi=hard -mthumb -Wl,--start-group -lc -lm -Wl,--end-group
Finished building target: RFID_KPZ.elf
 
arm-none-eabi-objdump -h -S  RFID_KPZ.elf  > "RFID_KPZ.list"
arm-none-eabi-objcopy  -O binary  RFID_KPZ.elf  "RFID_KPZ.bin"
arm-none-eabi-size   RFID_KPZ.elf 
   text	   data	    bss	    dec	    hex	filename
  23556	     44	   2180	  25780	   64b4	RFID_KPZ.elf
Finished building: default.size.stdout
 
Finished building: RFID_KPZ.bin
 
Finished building: RFID_KPZ.list
 
23:11:32 **** Incremental Build of configuration Debug for project RFID_KPZ ****
make -j12 all 
arm-none-eabi-gcc "../Core/Src/main.c" -mcpu=cortex-m4 -std=gnu11 -g3 -DUSE_HAL_DRIVER -DSTM32L476xx -DDEBUG -c -I../Core/Inc -I../Drivers/STM32L4xx_HAL_Driver/Inc -I../Drivers/STM32L4xx_HAL_Driver/Inc/Legacy -I../Drivers/CMSIS/Device/ST/STM32L4xx/Include -I../Drivers/CMSIS/Include -O0 -ffunction-sections -fdata-sections -Wall -fstack-usage -MMD -MP -MF"Core/Src/main.d" -MT"Core/Src/main.o" --specs=nano.specs -mfpu=fpv4-sp-d16 -mfloat-abi=hard -mthumb -o "Core/Src/main.o"
In file included from ../Core/Inc/app.h:5:0,
                 from ../Core/Src/main.c:25:
../Core/Inc/keypad.h:63:13: warning: 'keypad_index_char_array' defined but not used [-Wunused-variable]
 static char keypad_index_char_array[] = {'6','4','5','9','7','8','#','*','0','3','1','2'};
             ^~~~~~~~~~~~~~~~~~~~~~~
../Core/Inc/keypad.h:50:17: warning: 'column_pins_array' defined but not used [-Wunused-variable]
 static uint16_t column_pins_array[] = {COLUMN_1_IN_PIN,
                 ^~~~~~~~~~~~~~~~~
../Core/Inc/keypad.h:45:17: warning: 'row_pins_array' defined but not used [-Wunused-variable]
 static uint16_t row_pins_array[] = {ROW_1_OUT_PIN,
                 ^~~~~~~~~~~~~~
../Core/Inc/keypad.h:41:22: warning: 'column_ports_array' defined but not used [-Wunused-variable]
 static GPIO_TypeDef *column_ports_array[] = {COLUMN_1_IN_PORT,
                      ^~~~~~~~~~~~~~~~~~
../Core/Inc/keypad.h:36:22: warning: 'row_ports_array' defined but not used [-Wunused-variable]
 static GPIO_TypeDef *row_ports_array[] = {ROW_1_OUT_PORT,
                      ^~~~~~~~~~~~~~~
arm-none-eabi-gcc -o "RFID_KPZ.elf" @"objects.list"   -mcpu=cortex-m4 -T"C:\Users\chedo\OneDrive\Pulpit\SEMESTR_6\KPZ\RFID-acces-control\RFID_KPZ\STM32L476RGTX_FLASH.ld" --specs=nosys.specs -Wl,-Map="RFID_KPZ.map" -Wl,--gc-sections -static --specs=nano.specs -mfpu=fpv4-sp-d16 -mfloat-abi=hard -mthumb -Wl,--start-group -lc -lm -Wl,--end-group
Finished building target: RFID_KPZ.elf
 
arm-none-eabi-objdump -h -S  RFID_KPZ.elf  > "RFID_KPZ.list"
arm-none-eabi-objcopy  -O binary  RFID_KPZ.elf  "RFID_KPZ.bin"
arm-none-eabi-size   RFID_KPZ.elf 
   text	   data	    bss	    dec	    hex	filename
  23556	     44	   2180	  25780	   64b4	RFID_KPZ.elf
Finished building: default.size.stdout
 
Finished building: RFID_KPZ.bin
 
Finished building: RFID_KPZ.list
 
23:11:43 **** Incremental Build of configuration Debug for project RFID_KPZ ****
make -j12 all 
arm-none-eabi-size   RFID_KPZ.elf 
   text	   data	    bss	    dec	    hex	filename
  23556	     44	   2180	  25780	   64b4	RFID_KPZ.elf
Finished building: default.size.stdout
 
23:12:00 **** Incremental Build of configuration Debug for project RFID_KPZ ****
make -j12 all 
arm-none-eabi-size   RFID_KPZ.elf 
   text	   data	    bss	    dec	    hex	filename
  23556	     44	   2180	  25780	   64b4	RFID_KPZ.elf
Finished building: default.size.stdout
 
23:12:21 **** Incremental Build of configuration Debug for project RFID_KPZ ****
make -j12 all 
arm-none-eabi-gcc "../Core/Src/main.c" -mcpu=cortex-m4 -std=gnu11 -g3 -DUSE_HAL_DRIVER -DSTM32L476xx -DDEBUG -c -I../Core/Inc -I../Drivers/STM32L4xx_HAL_Driver/Inc -I../Drivers/STM32L4xx_HAL_Driver/Inc/Legacy -I../Drivers/CMSIS/Device/ST/STM32L4xx/Include -I../Drivers/CMSIS/Include -O0 -ffunction-sections -fdata-sections -Wall -fstack-usage -MMD -MP -MF"Core/Src/main.d" -MT"Core/Src/main.o" --specs=nano.specs -mfpu=fpv4-sp-d16 -mfloat-abi=hard -mthumb -o "Core/Src/main.o"
In file included from ../Core/Inc/app.h:5:0,
                 from ../Core/Src/main.c:25:
../Core/Inc/keypad.h:63:13: warning: 'keypad_index_char_array' defined but not used [-Wunused-variable]
 static char keypad_index_char_array[] = {'6','4','5','9','7','8','#','*','0','3','1','2'};
             ^~~~~~~~~~~~~~~~~~~~~~~
../Core/Inc/keypad.h:50:17: warning: 'column_pins_array' defined but not used [-Wunused-variable]
 static uint16_t column_pins_array[] = {COLUMN_1_IN_PIN,
                 ^~~~~~~~~~~~~~~~~
../Core/Inc/keypad.h:45:17: warning: 'row_pins_array' defined but not used [-Wunused-variable]
 static uint16_t row_pins_array[] = {ROW_1_OUT_PIN,
                 ^~~~~~~~~~~~~~
../Core/Inc/keypad.h:41:22: warning: 'column_ports_array' defined but not used [-Wunused-variable]
 static GPIO_TypeDef *column_ports_array[] = {COLUMN_1_IN_PORT,
                      ^~~~~~~~~~~~~~~~~~
../Core/Inc/keypad.h:36:22: warning: 'row_ports_array' defined but not used [-Wunused-variable]
 static GPIO_TypeDef *row_ports_array[] = {ROW_1_OUT_PORT,
                      ^~~~~~~~~~~~~~~
arm-none-eabi-gcc -o "RFID_KPZ.elf" @"objects.list"   -mcpu=cortex-m4 -T"C:\Users\chedo\OneDrive\Pulpit\SEMESTR_6\KPZ\RFID-acces-control\RFID_KPZ\STM32L476RGTX_FLASH.ld" --specs=nosys.specs -Wl,-Map="RFID_KPZ.map" -Wl,--gc-sections -static --specs=nano.specs -mfpu=fpv4-sp-d16 -mfloat-abi=hard -mthumb -Wl,--start-group -lc -lm -Wl,--end-group
Finished building target: RFID_KPZ.elf
 
arm-none-eabi-objdump -h -S  RFID_KPZ.elf  > "RFID_KPZ.list"
arm-none-eabi-objcopy  -O binary  RFID_KPZ.elf  "RFID_KPZ.bin"
arm-none-eabi-size   RFID_KPZ.elf 
   text	   data	    bss	    dec	    hex	filename
  23556	     44	   2180	  25780	   64b4	RFID_KPZ.elf
Finished building: default.size.stdout
 
Finished building: RFID_KPZ.bin
 
Finished building: RFID_KPZ.list
 
23:12:34 **** Incremental Build of configuration Debug for project RFID_KPZ ****
make -j12 all 
arm-none-eabi-size   RFID_KPZ.elf 
   text	   data	    bss	    dec	    hex	filename
  23556	     44	   2180	  25780	   64b4	RFID_KPZ.elf
Finished building: default.size.stdout
 
23:13:48 **** Incremental Build of configuration Debug for project RFID_KPZ ****
make -j12 all 
arm-none-eabi-gcc "../Core/Src/main.c" -mcpu=cortex-m4 -std=gnu11 -g3 -DUSE_HAL_DRIVER -DSTM32L476xx -DDEBUG -c -I../Core/Inc -I../Drivers/STM32L4xx_HAL_Driver/Inc -I../Drivers/STM32L4xx_HAL_Driver/Inc/Legacy -I../Drivers/CMSIS/Device/ST/STM32L4xx/Include -I../Drivers/CMSIS/Include -O0 -ffunction-sections -fdata-sections -Wall -fstack-usage -MMD -MP -MF"Core/Src/main.d" -MT"Core/Src/main.o" --specs=nano.specs -mfpu=fpv4-sp-d16 -mfloat-abi=hard -mthumb -o "Core/Src/main.o"
In file included from ../Core/Inc/app.h:5:0,
                 from ../Core/Src/main.c:25:
../Core/Inc/keypad.h:63:13: warning: 'keypad_index_char_array' defined but not used [-Wunused-variable]
 static char keypad_index_char_array[] = {'6','4','5','9','7','8','#','*','0','3','1','2'};
             ^~~~~~~~~~~~~~~~~~~~~~~
../Core/Inc/keypad.h:50:17: warning: 'column_pins_array' defined but not used [-Wunused-variable]
 static uint16_t column_pins_array[] = {COLUMN_1_IN_PIN,
                 ^~~~~~~~~~~~~~~~~
../Core/Inc/keypad.h:45:17: warning: 'row_pins_array' defined but not used [-Wunused-variable]
 static uint16_t row_pins_array[] = {ROW_1_OUT_PIN,
                 ^~~~~~~~~~~~~~
../Core/Inc/keypad.h:41:22: warning: 'column_ports_array' defined but not used [-Wunused-variable]
 static GPIO_TypeDef *column_ports_array[] = {COLUMN_1_IN_PORT,
                      ^~~~~~~~~~~~~~~~~~
../Core/Inc/keypad.h:36:22: warning: 'row_ports_array' defined but not used [-Wunused-variable]
 static GPIO_TypeDef *row_ports_array[] = {ROW_1_OUT_PORT,
                      ^~~~~~~~~~~~~~~
arm-none-eabi-gcc -o "RFID_KPZ.elf" @"objects.list"   -mcpu=cortex-m4 -T"C:\Users\chedo\OneDrive\Pulpit\SEMESTR_6\KPZ\RFID-acces-control\RFID_KPZ\STM32L476RGTX_FLASH.ld" --specs=nosys.specs -Wl,-Map="RFID_KPZ.map" -Wl,--gc-sections -static --specs=nano.specs -mfpu=fpv4-sp-d16 -mfloat-abi=hard -mthumb -Wl,--start-group -lc -lm -Wl,--end-group
Finished building target: RFID_KPZ.elf
 
arm-none-eabi-objdump -h -S  RFID_KPZ.elf  > "RFID_KPZ.list"
arm-none-eabi-objcopy  -O binary  RFID_KPZ.elf  "RFID_KPZ.bin"
arm-none-eabi-size   RFID_KPZ.elf 
   text	   data	    bss	    dec	    hex	filename
  23564	     44	   2180	  25788	   64bc	RFID_KPZ.elf
Finished building: default.size.stdout
 
Finished building: RFID_KPZ.bin
 
Finished building: RFID_KPZ.list
 
23:14:02 **** Incremental Build of configuration Debug for project RFID_KPZ ****
make -j12 all 
arm-none-eabi-size   RFID_KPZ.elf 
   text	   data	    bss	    dec	    hex	filename
  23564	     44	   2180	  25788	   64bc	RFID_KPZ.elf
Finished building: default.size.stdout
 
23:14:21 **** Incremental Build of configuration Debug for project RFID_KPZ ****
make -j12 all 
arm-none-eabi-gcc "../Core/Src/main.c" -mcpu=cortex-m4 -std=gnu11 -g3 -DUSE_HAL_DRIVER -DSTM32L476xx -DDEBUG -c -I../Core/Inc -I../Drivers/STM32L4xx_HAL_Driver/Inc -I../Drivers/STM32L4xx_HAL_Driver/Inc/Legacy -I../Drivers/CMSIS/Device/ST/STM32L4xx/Include -I../Drivers/CMSIS/Include -O0 -ffunction-sections -fdata-sections -Wall -fstack-usage -MMD -MP -MF"Core/Src/main.d" -MT"Core/Src/main.o" --specs=nano.specs -mfpu=fpv4-sp-d16 -mfloat-abi=hard -mthumb -o "Core/Src/main.o"
In file included from ../Core/Inc/app.h:5:0,
                 from ../Core/Src/main.c:25:
../Core/Inc/keypad.h:63:13: warning: 'keypad_index_char_array' defined but not used [-Wunused-variable]
 static char keypad_index_char_array[] = {'6','4','5','9','7','8','#','*','0','3','1','2'};
             ^~~~~~~~~~~~~~~~~~~~~~~
../Core/Inc/keypad.h:50:17: warning: 'column_pins_array' defined but not used [-Wunused-variable]
 static uint16_t column_pins_array[] = {COLUMN_1_IN_PIN,
                 ^~~~~~~~~~~~~~~~~
../Core/Inc/keypad.h:45:17: warning: 'row_pins_array' defined but not used [-Wunused-variable]
 static uint16_t row_pins_array[] = {ROW_1_OUT_PIN,
                 ^~~~~~~~~~~~~~
../Core/Inc/keypad.h:41:22: warning: 'column_ports_array' defined but not used [-Wunused-variable]
 static GPIO_TypeDef *column_ports_array[] = {COLUMN_1_IN_PORT,
                      ^~~~~~~~~~~~~~~~~~
../Core/Inc/keypad.h:36:22: warning: 'row_ports_array' defined but not used [-Wunused-variable]
 static GPIO_TypeDef *row_ports_array[] = {ROW_1_OUT_PORT,
                      ^~~~~~~~~~~~~~~
arm-none-eabi-gcc -o "RFID_KPZ.elf" @"objects.list"   -mcpu=cortex-m4 -T"C:\Users\chedo\OneDrive\Pulpit\SEMESTR_6\KPZ\RFID-acces-control\RFID_KPZ\STM32L476RGTX_FLASH.ld" --specs=nosys.specs -Wl,-Map="RFID_KPZ.map" -Wl,--gc-sections -static --specs=nano.specs -mfpu=fpv4-sp-d16 -mfloat-abi=hard -mthumb -Wl,--start-group -lc -lm -Wl,--end-group
Finished building target: RFID_KPZ.elf
 
arm-none-eabi-objdump -h -S  RFID_KPZ.elf  > "RFID_KPZ.list"
arm-none-eabi-objcopy  -O binary  RFID_KPZ.elf  "RFID_KPZ.bin"
arm-none-eabi-size   RFID_KPZ.elf 
   text	   data	    bss	    dec	    hex	filename
  23564	     44	   2180	  25788	   64bc	RFID_KPZ.elf
Finished building: default.size.stdout
 
Finished building: RFID_KPZ.bin
 
Finished building: RFID_KPZ.list
 
23:14:32 **** Incremental Build of configuration Debug for project RFID_KPZ ****
make -j12 all 
arm-none-eabi-size   RFID_KPZ.elf 
   text	   data	    bss	    dec	    hex	filename
  23564	     44	   2180	  25788	   64bc	RFID_KPZ.elf
Finished building: default.size.stdout
 
23:15:11 **** Incremental Build of configuration Debug for project RFID_KPZ ****
make -j12 all 
arm-none-eabi-gcc "../Core/Src/main.c" -mcpu=cortex-m4 -std=gnu11 -g3 -DUSE_HAL_DRIVER -DSTM32L476xx -DDEBUG -c -I../Core/Inc -I../Drivers/STM32L4xx_HAL_Driver/Inc -I../Drivers/STM32L4xx_HAL_Driver/Inc/Legacy -I../Drivers/CMSIS/Device/ST/STM32L4xx/Include -I../Drivers/CMSIS/Include -O0 -ffunction-sections -fdata-sections -Wall -fstack-usage -MMD -MP -MF"Core/Src/main.d" -MT"Core/Src/main.o" --specs=nano.specs -mfpu=fpv4-sp-d16 -mfloat-abi=hard -mthumb -o "Core/Src/main.o"
In file included from ../Core/Inc/app.h:5:0,
                 from ../Core/Src/main.c:25:
../Core/Inc/keypad.h:63:13: warning: 'keypad_index_char_array' defined but not used [-Wunused-variable]
 static char keypad_index_char_array[] = {'6','4','5','9','7','8','#','*','0','3','1','2'};
             ^~~~~~~~~~~~~~~~~~~~~~~
../Core/Inc/keypad.h:50:17: warning: 'column_pins_array' defined but not used [-Wunused-variable]
 static uint16_t column_pins_array[] = {COLUMN_1_IN_PIN,
                 ^~~~~~~~~~~~~~~~~
../Core/Inc/keypad.h:45:17: warning: 'row_pins_array' defined but not used [-Wunused-variable]
 static uint16_t row_pins_array[] = {ROW_1_OUT_PIN,
                 ^~~~~~~~~~~~~~
../Core/Inc/keypad.h:41:22: warning: 'column_ports_array' defined but not used [-Wunused-variable]
 static GPIO_TypeDef *column_ports_array[] = {COLUMN_1_IN_PORT,
                      ^~~~~~~~~~~~~~~~~~
../Core/Inc/keypad.h:36:22: warning: 'row_ports_array' defined but not used [-Wunused-variable]
 static GPIO_TypeDef *row_ports_array[] = {ROW_1_OUT_PORT,
                      ^~~~~~~~~~~~~~~
arm-none-eabi-gcc -o "RFID_KPZ.elf" @"objects.list"   -mcpu=cortex-m4 -T"C:\Users\chedo\OneDrive\Pulpit\SEMESTR_6\KPZ\RFID-acces-control\RFID_KPZ\STM32L476RGTX_FLASH.ld" --specs=nosys.specs -Wl,-Map="RFID_KPZ.map" -Wl,--gc-sections -static --specs=nano.specs -mfpu=fpv4-sp-d16 -mfloat-abi=hard -mthumb -Wl,--start-group -lc -lm -Wl,--end-group
Finished building target: RFID_KPZ.elf
 
arm-none-eabi-objdump -h -S  RFID_KPZ.elf  > "RFID_KPZ.list"
arm-none-eabi-objcopy  -O binary  RFID_KPZ.elf  "RFID_KPZ.bin"
arm-none-eabi-size   RFID_KPZ.elf 
   text	   data	    bss	    dec	    hex	filename
  23564	     44	   2180	  25788	   64bc	RFID_KPZ.elf
Finished building: default.size.stdout
 
Finished building: RFID_KPZ.bin
 
Finished building: RFID_KPZ.list
 
23:15:36 **** Incremental Build of configuration Debug for project RFID_KPZ ****
make -j12 all 
arm-none-eabi-size   RFID_KPZ.elf 
   text	   data	    bss	    dec	    hex	filename
  23564	     44	   2180	  25788	   64bc	RFID_KPZ.elf
Finished building: default.size.stdout
 
23:16:19 **** Incremental Build of configuration Debug for project RFID_KPZ ****
make -j12 all 
arm-none-eabi-gcc "../Core/Src/main.c" -mcpu=cortex-m4 -std=gnu11 -g3 -DUSE_HAL_DRIVER -DSTM32L476xx -DDEBUG -c -I../Core/Inc -I../Drivers/STM32L4xx_HAL_Driver/Inc -I../Drivers/STM32L4xx_HAL_Driver/Inc/Legacy -I../Drivers/CMSIS/Device/ST/STM32L4xx/Include -I../Drivers/CMSIS/Include -O0 -ffunction-sections -fdata-sections -Wall -fstack-usage -MMD -MP -MF"Core/Src/main.d" -MT"Core/Src/main.o" --specs=nano.specs -mfpu=fpv4-sp-d16 -mfloat-abi=hard -mthumb -o "Core/Src/main.o"
../Core/Src/main.c: In function 'main':
../Core/Src/main.c:154:3: error: 'data' undeclared (first use in this function)
   data = 0x03;
   ^~~~
../Core/Src/main.c:154:3: note: each undeclared identifier is reported only once for each function it appears in
In file included from ../Core/Inc/app.h:5:0,
                 from ../Core/Src/main.c:25:
At top level:
../Core/Inc/keypad.h:63:13: warning: 'keypad_index_char_array' defined but not used [-Wunused-variable]
 static char keypad_index_char_array[] = {'6','4','5','9','7','8','#','*','0','3','1','2'};
             ^~~~~~~~~~~~~~~~~~~~~~~
../Core/Inc/keypad.h:50:17: warning: 'column_pins_array' defined but not used [-Wunused-variable]
 static uint16_t column_pins_array[] = {COLUMN_1_IN_PIN,
                 ^~~~~~~~~~~~~~~~~
../Core/Inc/keypad.h:45:17: warning: 'row_pins_array' defined but not used [-Wunused-variable]
 static uint16_t row_pins_array[] = {ROW_1_OUT_PIN,
                 ^~~~~~~~~~~~~~
../Core/Inc/keypad.h:41:22: warning: 'column_ports_array' defined but not used [-Wunused-variable]
 static GPIO_TypeDef *column_ports_array[] = {COLUMN_1_IN_PORT,
                      ^~~~~~~~~~~~~~~~~~
../Core/Inc/keypad.h:36:22: warning: 'row_ports_array' defined but not used [-Wunused-variable]
 static GPIO_TypeDef *row_ports_array[] = {ROW_1_OUT_PORT,
                      ^~~~~~~~~~~~~~~
make: *** [Core/Src/subdir.mk:48: Core/Src/main.o] Error 1
"make -j12 all" terminated with exit code 2. Build might be incomplete.
23:16:27 **** Incremental Build of configuration Debug for project RFID_KPZ ****
make -j12 all 
arm-none-eabi-gcc "../Core/Src/main.c" -mcpu=cortex-m4 -std=gnu11 -g3 -DUSE_HAL_DRIVER -DSTM32L476xx -DDEBUG -c -I../Core/Inc -I../Drivers/STM32L4xx_HAL_Driver/Inc -I../Drivers/STM32L4xx_HAL_Driver/Inc/Legacy -I../Drivers/CMSIS/Device/ST/STM32L4xx/Include -I../Drivers/CMSIS/Include -O0 -ffunction-sections -fdata-sections -Wall -fstack-usage -MMD -MP -MF"Core/Src/main.d" -MT"Core/Src/main.o" --specs=nano.specs -mfpu=fpv4-sp-d16 -mfloat-abi=hard -mthumb -o "Core/Src/main.o"
In file included from ../Core/Inc/app.h:5:0,
                 from ../Core/Src/main.c:25:
../Core/Inc/keypad.h:63:13: warning: 'keypad_index_char_array' defined but not used [-Wunused-variable]
 static char keypad_index_char_array[] = {'6','4','5','9','7','8','#','*','0','3','1','2'};
             ^~~~~~~~~~~~~~~~~~~~~~~
../Core/Inc/keypad.h:50:17: warning: 'column_pins_array' defined but not used [-Wunused-variable]
 static uint16_t column_pins_array[] = {COLUMN_1_IN_PIN,
                 ^~~~~~~~~~~~~~~~~
../Core/Inc/keypad.h:45:17: warning: 'row_pins_array' defined but not used [-Wunused-variable]
 static uint16_t row_pins_array[] = {ROW_1_OUT_PIN,
                 ^~~~~~~~~~~~~~
../Core/Inc/keypad.h:41:22: warning: 'column_ports_array' defined but not used [-Wunused-variable]
 static GPIO_TypeDef *column_ports_array[] = {COLUMN_1_IN_PORT,
                      ^~~~~~~~~~~~~~~~~~
../Core/Inc/keypad.h:36:22: warning: 'row_ports_array' defined but not used [-Wunused-variable]
 static GPIO_TypeDef *row_ports_array[] = {ROW_1_OUT_PORT,
                      ^~~~~~~~~~~~~~~
arm-none-eabi-gcc -o "RFID_KPZ.elf" @"objects.list"   -mcpu=cortex-m4 -T"C:\Users\chedo\OneDrive\Pulpit\SEMESTR_6\KPZ\RFID-acces-control\RFID_KPZ\STM32L476RGTX_FLASH.ld" --specs=nosys.specs -Wl,-Map="RFID_KPZ.map" -Wl,--gc-sections -static --specs=nano.specs -mfpu=fpv4-sp-d16 -mfloat-abi=hard -mthumb -Wl,--start-group -lc -lm -Wl,--end-group
Finished building target: RFID_KPZ.elf
 
arm-none-eabi-objdump -h -S  RFID_KPZ.elf  > "RFID_KPZ.list"
arm-none-eabi-objcopy  -O binary  RFID_KPZ.elf  "RFID_KPZ.bin"
arm-none-eabi-size   RFID_KPZ.elf 
   text	   data	    bss	    dec	    hex	filename
  23260	     44	   2180	  25484	   638c	RFID_KPZ.elf
Finished building: default.size.stdout
 
Finished building: RFID_KPZ.bin
 
Finished building: RFID_KPZ.list
 
23:16:54 **** Incremental Build of configuration Debug for project RFID_KPZ ****
make -j12 all 
arm-none-eabi-gcc "../Core/Src/main.c" -mcpu=cortex-m4 -std=gnu11 -g3 -DUSE_HAL_DRIVER -DSTM32L476xx -DDEBUG -c -I../Core/Inc -I../Drivers/STM32L4xx_HAL_Driver/Inc -I../Drivers/STM32L4xx_HAL_Driver/Inc/Legacy -I../Drivers/CMSIS/Device/ST/STM32L4xx/Include -I../Drivers/CMSIS/Include -O0 -ffunction-sections -fdata-sections -Wall -fstack-usage -MMD -MP -MF"Core/Src/main.d" -MT"Core/Src/main.o" --specs=nano.specs -mfpu=fpv4-sp-d16 -mfloat-abi=hard -mthumb -o "Core/Src/main.o"
In file included from ../Core/Inc/app.h:5:0,
                 from ../Core/Src/main.c:25:
../Core/Inc/keypad.h:63:13: warning: 'keypad_index_char_array' defined but not used [-Wunused-variable]
 static char keypad_index_char_array[] = {'6','4','5','9','7','8','#','*','0','3','1','2'};
             ^~~~~~~~~~~~~~~~~~~~~~~
../Core/Inc/keypad.h:50:17: warning: 'column_pins_array' defined but not used [-Wunused-variable]
 static uint16_t column_pins_array[] = {COLUMN_1_IN_PIN,
                 ^~~~~~~~~~~~~~~~~
../Core/Inc/keypad.h:45:17: warning: 'row_pins_array' defined but not used [-Wunused-variable]
 static uint16_t row_pins_array[] = {ROW_1_OUT_PIN,
                 ^~~~~~~~~~~~~~
../Core/Inc/keypad.h:41:22: warning: 'column_ports_array' defined but not used [-Wunused-variable]
 static GPIO_TypeDef *column_ports_array[] = {COLUMN_1_IN_PORT,
                      ^~~~~~~~~~~~~~~~~~
../Core/Inc/keypad.h:36:22: warning: 'row_ports_array' defined but not used [-Wunused-variable]
 static GPIO_TypeDef *row_ports_array[] = {ROW_1_OUT_PORT,
                      ^~~~~~~~~~~~~~~
arm-none-eabi-gcc -o "RFID_KPZ.elf" @"objects.list"   -mcpu=cortex-m4 -T"C:\Users\chedo\OneDrive\Pulpit\SEMESTR_6\KPZ\RFID-acces-control\RFID_KPZ\STM32L476RGTX_FLASH.ld" --specs=nosys.specs -Wl,-Map="RFID_KPZ.map" -Wl,--gc-sections -static --specs=nano.specs -mfpu=fpv4-sp-d16 -mfloat-abi=hard -mthumb -Wl,--start-group -lc -lm -Wl,--end-group
Finished building target: RFID_KPZ.elf
 
arm-none-eabi-objdump -h -S  RFID_KPZ.elf  > "RFID_KPZ.list"
arm-none-eabi-objcopy  -O binary  RFID_KPZ.elf  "RFID_KPZ.bin"
arm-none-eabi-size   RFID_KPZ.elf 
   text	   data	    bss	    dec	    hex	filename
  23260	     44	   2180	  25484	   638c	RFID_KPZ.elf
Finished building: default.size.stdout
 
Finished building: RFID_KPZ.bin
 
Finished building: RFID_KPZ.list
 
23:17:12 **** Incremental Build of configuration Debug for project RFID_KPZ ****
make -j12 all 
arm-none-eabi-gcc "../Core/Src/main.c" -mcpu=cortex-m4 -std=gnu11 -g3 -DUSE_HAL_DRIVER -DSTM32L476xx -DDEBUG -c -I../Core/Inc -I../Drivers/STM32L4xx_HAL_Driver/Inc -I../Drivers/STM32L4xx_HAL_Driver/Inc/Legacy -I../Drivers/CMSIS/Device/ST/STM32L4xx/Include -I../Drivers/CMSIS/Include -O0 -ffunction-sections -fdata-sections -Wall -fstack-usage -MMD -MP -MF"Core/Src/main.d" -MT"Core/Src/main.o" --specs=nano.specs -mfpu=fpv4-sp-d16 -mfloat-abi=hard -mthumb -o "Core/Src/main.o"
In file included from ../Core/Inc/app.h:5:0,
                 from ../Core/Src/main.c:25:
../Core/Inc/keypad.h:63:13: warning: 'keypad_index_char_array' defined but not used [-Wunused-variable]
 static char keypad_index_char_array[] = {'6','4','5','9','7','8','#','*','0','3','1','2'};
             ^~~~~~~~~~~~~~~~~~~~~~~
../Core/Inc/keypad.h:50:17: warning: 'column_pins_array' defined but not used [-Wunused-variable]
 static uint16_t column_pins_array[] = {COLUMN_1_IN_PIN,
                 ^~~~~~~~~~~~~~~~~
../Core/Inc/keypad.h:45:17: warning: 'row_pins_array' defined but not used [-Wunused-variable]
 static uint16_t row_pins_array[] = {ROW_1_OUT_PIN,
                 ^~~~~~~~~~~~~~
../Core/Inc/keypad.h:41:22: warning: 'column_ports_array' defined but not used [-Wunused-variable]
 static GPIO_TypeDef *column_ports_array[] = {COLUMN_1_IN_PORT,
                      ^~~~~~~~~~~~~~~~~~
../Core/Inc/keypad.h:36:22: warning: 'row_ports_array' defined but not used [-Wunused-variable]
 static GPIO_TypeDef *row_ports_array[] = {ROW_1_OUT_PORT,
                      ^~~~~~~~~~~~~~~
arm-none-eabi-gcc -o "RFID_KPZ.elf" @"objects.list"   -mcpu=cortex-m4 -T"C:\Users\chedo\OneDrive\Pulpit\SEMESTR_6\KPZ\RFID-acces-control\RFID_KPZ\STM32L476RGTX_FLASH.ld" --specs=nosys.specs -Wl,-Map="RFID_KPZ.map" -Wl,--gc-sections -static --specs=nano.specs -mfpu=fpv4-sp-d16 -mfloat-abi=hard -mthumb -Wl,--start-group -lc -lm -Wl,--end-group
Finished building target: RFID_KPZ.elf
 
arm-none-eabi-objdump -h -S  RFID_KPZ.elf  > "RFID_KPZ.list"
arm-none-eabi-objcopy  -O binary  RFID_KPZ.elf  "RFID_KPZ.bin"
arm-none-eabi-size   RFID_KPZ.elf 
   text	   data	    bss	    dec	    hex	filename
  21404	     44	   2180	  23628	   5c4c	RFID_KPZ.elf
Finished building: default.size.stdout
 
Finished building: RFID_KPZ.bin
 
Finished building: RFID_KPZ.list
 
23:17:22 **** Incremental Build of configuration Debug for project RFID_KPZ ****
make -j12 all 
arm-none-eabi-gcc "../Core/Src/main.c" -mcpu=cortex-m4 -std=gnu11 -g3 -DUSE_HAL_DRIVER -DSTM32L476xx -DDEBUG -c -I../Core/Inc -I../Drivers/STM32L4xx_HAL_Driver/Inc -I../Drivers/STM32L4xx_HAL_Driver/Inc/Legacy -I../Drivers/CMSIS/Device/ST/STM32L4xx/Include -I../Drivers/CMSIS/Include -O0 -ffunction-sections -fdata-sections -Wall -fstack-usage -MMD -MP -MF"Core/Src/main.d" -MT"Core/Src/main.o" --specs=nano.specs -mfpu=fpv4-sp-d16 -mfloat-abi=hard -mthumb -o "Core/Src/main.o"
In file included from ../Core/Inc/app.h:5:0,
                 from ../Core/Src/main.c:25:
../Core/Inc/keypad.h:63:13: warning: 'keypad_index_char_array' defined but not used [-Wunused-variable]
 static char keypad_index_char_array[] = {'6','4','5','9','7','8','#','*','0','3','1','2'};
             ^~~~~~~~~~~~~~~~~~~~~~~
../Core/Inc/keypad.h:50:17: warning: 'column_pins_array' defined but not used [-Wunused-variable]
 static uint16_t column_pins_array[] = {COLUMN_1_IN_PIN,
                 ^~~~~~~~~~~~~~~~~
../Core/Inc/keypad.h:45:17: warning: 'row_pins_array' defined but not used [-Wunused-variable]
 static uint16_t row_pins_array[] = {ROW_1_OUT_PIN,
                 ^~~~~~~~~~~~~~
../Core/Inc/keypad.h:41:22: warning: 'column_ports_array' defined but not used [-Wunused-variable]
 static GPIO_TypeDef *column_ports_array[] = {COLUMN_1_IN_PORT,
                      ^~~~~~~~~~~~~~~~~~
../Core/Inc/keypad.h:36:22: warning: 'row_ports_array' defined but not used [-Wunused-variable]
 static GPIO_TypeDef *row_ports_array[] = {ROW_1_OUT_PORT,
                      ^~~~~~~~~~~~~~~
arm-none-eabi-gcc -o "RFID_KPZ.elf" @"objects.list"   -mcpu=cortex-m4 -T"C:\Users\chedo\OneDrive\Pulpit\SEMESTR_6\KPZ\RFID-acces-control\RFID_KPZ\STM32L476RGTX_FLASH.ld" --specs=nosys.specs -Wl,-Map="RFID_KPZ.map" -Wl,--gc-sections -static --specs=nano.specs -mfpu=fpv4-sp-d16 -mfloat-abi=hard -mthumb -Wl,--start-group -lc -lm -Wl,--end-group
Finished building target: RFID_KPZ.elf
 
arm-none-eabi-objdump -h -S  RFID_KPZ.elf  > "RFID_KPZ.list"
arm-none-eabi-objcopy  -O binary  RFID_KPZ.elf  "RFID_KPZ.bin"
arm-none-eabi-size   RFID_KPZ.elf 
   text	   data	    bss	    dec	    hex	filename
  23260	     44	   2180	  25484	   638c	RFID_KPZ.elf
Finished building: default.size.stdout
 
Finished building: RFID_KPZ.bin
 
Finished building: RFID_KPZ.list
 
23:18:35 **** Incremental Build of configuration Debug for project RFID_KPZ ****
make -j12 all 
arm-none-eabi-gcc "../Core/Src/main.c" -mcpu=cortex-m4 -std=gnu11 -g3 -DUSE_HAL_DRIVER -DSTM32L476xx -DDEBUG -c -I../Core/Inc -I../Drivers/STM32L4xx_HAL_Driver/Inc -I../Drivers/STM32L4xx_HAL_Driver/Inc/Legacy -I../Drivers/CMSIS/Device/ST/STM32L4xx/Include -I../Drivers/CMSIS/Include -O0 -ffunction-sections -fdata-sections -Wall -fstack-usage -MMD -MP -MF"Core/Src/main.d" -MT"Core/Src/main.o" --specs=nano.specs -mfpu=fpv4-sp-d16 -mfloat-abi=hard -mthumb -o "Core/Src/main.o"
[...]
 
13:01:17 **** Incremental Build of configuration Debug for project RFID_KPZ ****
make -j12 all 
arm-none-eabi-size   RFID_KPZ.elf 
   text	   data	    bss	    dec	    hex	filename
  28644	     84	   3828	  32556	   7f2c	RFID_KPZ.elf
Finished building: default.size.stdout
 
13:01:33 **** Incremental Build of configuration Debug for project RFID_KPZ ****
make -j12 all 
arm-none-eabi-gcc "../Core/Src/main.c" -mcpu=cortex-m4 -std=gnu11 -g3 -DUSE_HAL_DRIVER -DSTM32L476xx -DDEBUG -c -I../Core/Inc -I../Drivers/STM32L4xx_HAL_Driver/Inc -I../Drivers/STM32L4xx_HAL_Driver/Inc/Legacy -I../Drivers/CMSIS/Device/ST/STM32L4xx/Include -I../Drivers/CMSIS/Include -O0 -ffunction-sections -fdata-sections -Wall -fstack-usage -MMD -MP -MF"Core/Src/main.d" -MT"Core/Src/main.o" --specs=nano.specs -mfpu=fpv4-sp-d16 -mfloat-abi=hard -mthumb -o "Core/Src/main.o"
In file included from ../Core/Inc/app.h:5:0,
                 from ../Core/Src/main.c:25:
../Core/Inc/keypad.h:63:13: warning: 'keypad_index_char_array' defined but not used [-Wunused-variable]
 static char keypad_index_char_array[] = {'6','4','5','9','7','8','#','*','0','3','1','2'};
             ^~~~~~~~~~~~~~~~~~~~~~~
../Core/Inc/keypad.h:50:17: warning: 'column_pins_array' defined but not used [-Wunused-variable]
 static uint16_t column_pins_array[] = {COLUMN_1_IN_PIN,
                 ^~~~~~~~~~~~~~~~~
../Core/Inc/keypad.h:45:17: warning: 'row_pins_array' defined but not used [-Wunused-variable]
 static uint16_t row_pins_array[] = {ROW_1_OUT_PIN,
                 ^~~~~~~~~~~~~~
../Core/Inc/keypad.h:41:22: warning: 'column_ports_array' defined but not used [-Wunused-variable]
 static GPIO_TypeDef *column_ports_array[] = {COLUMN_1_IN_PORT,
                      ^~~~~~~~~~~~~~~~~~
../Core/Inc/keypad.h:36:22: warning: 'row_ports_array' defined but not used [-Wunused-variable]
 static GPIO_TypeDef *row_ports_array[] = {ROW_1_OUT_PORT,
                      ^~~~~~~~~~~~~~~
arm-none-eabi-gcc -o "RFID_KPZ.elf" @"objects.list"   -mcpu=cortex-m4 -T"C:\Users\chedo\OneDrive\Pulpit\SEMESTR_6\KPZ\RFID-acces-control\RFID_KPZ\STM32L476RGTX_FLASH.ld" --specs=nosys.specs -Wl,-Map="RFID_KPZ.map" -Wl,--gc-sections -static --specs=nano.specs -mfpu=fpv4-sp-d16 -mfloat-abi=hard -mthumb -Wl,--start-group -lc -lm -Wl,--end-group
Finished building target: RFID_KPZ.elf
 
arm-none-eabi-objdump -h -S  RFID_KPZ.elf  > "RFID_KPZ.list"
arm-none-eabi-objcopy  -O binary  RFID_KPZ.elf  "RFID_KPZ.bin"
arm-none-eabi-size   RFID_KPZ.elf 
   text	   data	    bss	    dec	    hex	filename
  28628	     84	   3828	  32540	   7f1c	RFID_KPZ.elf
Finished building: default.size.stdout
 
Finished building: RFID_KPZ.bin
 
Finished building: RFID_KPZ.list
 
13:03:05 **** Incremental Build of configuration Debug for project RFID_KPZ ****
make -j12 all 
arm-none-eabi-gcc "../Core/Src/main.c" -mcpu=cortex-m4 -std=gnu11 -g3 -DUSE_HAL_DRIVER -DSTM32L476xx -DDEBUG -c -I../Core/Inc -I../Drivers/STM32L4xx_HAL_Driver/Inc -I../Drivers/STM32L4xx_HAL_Driver/Inc/Legacy -I../Drivers/CMSIS/Device/ST/STM32L4xx/Include -I../Drivers/CMSIS/Include -O0 -ffunction-sections -fdata-sections -Wall -fstack-usage -MMD -MP -MF"Core/Src/main.d" -MT"Core/Src/main.o" --specs=nano.specs -mfpu=fpv4-sp-d16 -mfloat-abi=hard -mthumb -o "Core/Src/main.o"
In file included from ../Core/Inc/app.h:5:0,
                 from ../Core/Src/main.c:25:
../Core/Inc/keypad.h:63:13: warning: 'keypad_index_char_array' defined but not used [-Wunused-variable]
 static char keypad_index_char_array[] = {'6','4','5','9','7','8','#','*','0','3','1','2'};
             ^~~~~~~~~~~~~~~~~~~~~~~
../Core/Inc/keypad.h:50:17: warning: 'column_pins_array' defined but not used [-Wunused-variable]
 static uint16_t column_pins_array[] = {COLUMN_1_IN_PIN,
                 ^~~~~~~~~~~~~~~~~
../Core/Inc/keypad.h:45:17: warning: 'row_pins_array' defined but not used [-Wunused-variable]
 static uint16_t row_pins_array[] = {ROW_1_OUT_PIN,
                 ^~~~~~~~~~~~~~
../Core/Inc/keypad.h:41:22: warning: 'column_ports_array' defined but not used [-Wunused-variable]
 static GPIO_TypeDef *column_ports_array[] = {COLUMN_1_IN_PORT,
                      ^~~~~~~~~~~~~~~~~~
../Core/Inc/keypad.h:36:22: warning: 'row_ports_array' defined but not used [-Wunused-variable]
 static GPIO_TypeDef *row_ports_array[] = {ROW_1_OUT_PORT,
                      ^~~~~~~~~~~~~~~
arm-none-eabi-gcc -o "RFID_KPZ.elf" @"objects.list"   -mcpu=cortex-m4 -T"C:\Users\chedo\OneDrive\Pulpit\SEMESTR_6\KPZ\RFID-acces-control\RFID_KPZ\STM32L476RGTX_FLASH.ld" --specs=nosys.specs -Wl,-Map="RFID_KPZ.map" -Wl,--gc-sections -static --specs=nano.specs -mfpu=fpv4-sp-d16 -mfloat-abi=hard -mthumb -Wl,--start-group -lc -lm -Wl,--end-group
Finished building target: RFID_KPZ.elf
 
arm-none-eabi-objdump -h -S  RFID_KPZ.elf  > "RFID_KPZ.list"
arm-none-eabi-objcopy  -O binary  RFID_KPZ.elf  "RFID_KPZ.bin"
arm-none-eabi-size   RFID_KPZ.elf 
   text	   data	    bss	    dec	    hex	filename
  28644	     84	   3828	  32556	   7f2c	RFID_KPZ.elf
Finished building: default.size.stdout
 
Finished building: RFID_KPZ.bin
 
Finished building: RFID_KPZ.list
 
13:03:52 **** Incremental Build of configuration Debug for project RFID_KPZ ****
make -j12 all 
arm-none-eabi-gcc "../Core/Src/main.c" -mcpu=cortex-m4 -std=gnu11 -g3 -DUSE_HAL_DRIVER -DSTM32L476xx -DDEBUG -c -I../Core/Inc -I../Drivers/STM32L4xx_HAL_Driver/Inc -I../Drivers/STM32L4xx_HAL_Driver/Inc/Legacy -I../Drivers/CMSIS/Device/ST/STM32L4xx/Include -I../Drivers/CMSIS/Include -O0 -ffunction-sections -fdata-sections -Wall -fstack-usage -MMD -MP -MF"Core/Src/main.d" -MT"Core/Src/main.o" --specs=nano.specs -mfpu=fpv4-sp-d16 -mfloat-abi=hard -mthumb -o "Core/Src/main.o"
In file included from ../Core/Inc/app.h:5:0,
                 from ../Core/Src/main.c:25:
../Core/Inc/keypad.h:63:13: warning: 'keypad_index_char_array' defined but not used [-Wunused-variable]
 static char keypad_index_char_array[] = {'6','4','5','9','7','8','#','*','0','3','1','2'};
             ^~~~~~~~~~~~~~~~~~~~~~~
../Core/Inc/keypad.h:50:17: warning: 'column_pins_array' defined but not used [-Wunused-variable]
 static uint16_t column_pins_array[] = {COLUMN_1_IN_PIN,
                 ^~~~~~~~~~~~~~~~~
../Core/Inc/keypad.h:45:17: warning: 'row_pins_array' defined but not used [-Wunused-variable]
 static uint16_t row_pins_array[] = {ROW_1_OUT_PIN,
                 ^~~~~~~~~~~~~~
../Core/Inc/keypad.h:41:22: warning: 'column_ports_array' defined but not used [-Wunused-variable]
 static GPIO_TypeDef *column_ports_array[] = {COLUMN_1_IN_PORT,
                      ^~~~~~~~~~~~~~~~~~
../Core/Inc/keypad.h:36:22: warning: 'row_ports_array' defined but not used [-Wunused-variable]
 static GPIO_TypeDef *row_ports_array[] = {ROW_1_OUT_PORT,
                      ^~~~~~~~~~~~~~~
arm-none-eabi-gcc -o "RFID_KPZ.elf" @"objects.list"   -mcpu=cortex-m4 -T"C:\Users\chedo\OneDrive\Pulpit\SEMESTR_6\KPZ\RFID-acces-control\RFID_KPZ\STM32L476RGTX_FLASH.ld" --specs=nosys.specs -Wl,-Map="RFID_KPZ.map" -Wl,--gc-sections -static --specs=nano.specs -mfpu=fpv4-sp-d16 -mfloat-abi=hard -mthumb -Wl,--start-group -lc -lm -Wl,--end-group
Finished building target: RFID_KPZ.elf
 
arm-none-eabi-objdump -h -S  RFID_KPZ.elf  > "RFID_KPZ.list"
arm-none-eabi-objcopy  -O binary  RFID_KPZ.elf  "RFID_KPZ.bin"
arm-none-eabi-size   RFID_KPZ.elf 
   text	   data	    bss	    dec	    hex	filename
  28648	     84	   3828	  32560	   7f30	RFID_KPZ.elf
Finished building: default.size.stdout
 
Finished building: RFID_KPZ.bin
 
Finished building: RFID_KPZ.list
 
13:04:07 **** Incremental Build of configuration Debug for project RFID_KPZ ****
make -j12 all 
arm-none-eabi-size   RFID_KPZ.elf 
   text	   data	    bss	    dec	    hex	filename
  28648	     84	   3828	  32560	   7f30	RFID_KPZ.elf
Finished building: default.size.stdout
 
13:08:47 **** Incremental Build of configuration Debug for project RFID_KPZ ****
make -j12 all 
arm-none-eabi-gcc "../Core/Src/lcd.c" -mcpu=cortex-m4 -std=gnu11 -g3 -DUSE_HAL_DRIVER -DSTM32L476xx -DDEBUG -c -I../Core/Inc -I../Drivers/STM32L4xx_HAL_Driver/Inc -I../Drivers/STM32L4xx_HAL_Driver/Inc/Legacy -I../Drivers/CMSIS/Device/ST/STM32L4xx/Include -I../Drivers/CMSIS/Include -O0 -ffunction-sections -fdata-sections -Wall -fstack-usage -MMD -MP -MF"Core/Src/lcd.d" -MT"Core/Src/lcd.o" --specs=nano.specs -mfpu=fpv4-sp-d16 -mfloat-abi=hard -mthumb -o "Core/Src/lcd.o"
arm-none-eabi-gcc -o "RFID_KPZ.elf" @"objects.list"   -mcpu=cortex-m4 -T"C:\Users\chedo\OneDrive\Pulpit\SEMESTR_6\KPZ\RFID-acces-control\RFID_KPZ\STM32L476RGTX_FLASH.ld" --specs=nosys.specs -Wl,-Map="RFID_KPZ.map" -Wl,--gc-sections -static --specs=nano.specs -mfpu=fpv4-sp-d16 -mfloat-abi=hard -mthumb -Wl,--start-group -lc -lm -Wl,--end-group
Finished building target: RFID_KPZ.elf
 
arm-none-eabi-objdump -h -S  RFID_KPZ.elf  > "RFID_KPZ.list"
arm-none-eabi-objcopy  -O binary  RFID_KPZ.elf  "RFID_KPZ.bin"
arm-none-eabi-size   RFID_KPZ.elf 
   text	   data	    bss	    dec	    hex	filename
  28588	     84	   3828	  32500	   7ef4	RFID_KPZ.elf
Finished building: default.size.stdout
 
Finished building: RFID_KPZ.bin
 
Finished building: RFID_KPZ.list
 
13:10:19 **** Incremental Build of configuration Debug for project RFID_KPZ ****
make -j12 all 
arm-none-eabi-gcc "../Core/Src/main.c" -mcpu=cortex-m4 -std=gnu11 -g3 -DUSE_HAL_DRIVER -DSTM32L476xx -DDEBUG -c -I../Core/Inc -I../Drivers/STM32L4xx_HAL_Driver/Inc -I../Drivers/STM32L4xx_HAL_Driver/Inc/Legacy -I../Drivers/CMSIS/Device/ST/STM32L4xx/Include -I../Drivers/CMSIS/Include -O0 -ffunction-sections -fdata-sections -Wall -fstack-usage -MMD -MP -MF"Core/Src/main.d" -MT"Core/Src/main.o" --specs=nano.specs -mfpu=fpv4-sp-d16 -mfloat-abi=hard -mthumb -o "Core/Src/main.o"
In file included from ../Core/Inc/app.h:5:0,
                 from ../Core/Src/main.c:25:
../Core/Inc/keypad.h:63:13: warning: 'keypad_index_char_array' defined but not used [-Wunused-variable]
 static char keypad_index_char_array[] = {'6','4','5','9','7','8','#','*','0','3','1','2'};
             ^~~~~~~~~~~~~~~~~~~~~~~
../Core/Inc/keypad.h:50:17: warning: 'column_pins_array' defined but not used [-Wunused-variable]
 static uint16_t column_pins_array[] = {COLUMN_1_IN_PIN,
                 ^~~~~~~~~~~~~~~~~
../Core/Inc/keypad.h:45:17: warning: 'row_pins_array' defined but not used [-Wunused-variable]
 static uint16_t row_pins_array[] = {ROW_1_OUT_PIN,
                 ^~~~~~~~~~~~~~
../Core/Inc/keypad.h:41:22: warning: 'column_ports_array' defined but not used [-Wunused-variable]
 static GPIO_TypeDef *column_ports_array[] = {COLUMN_1_IN_PORT,
                      ^~~~~~~~~~~~~~~~~~
../Core/Inc/keypad.h:36:22: warning: 'row_ports_array' defined but not used [-Wunused-variable]
 static GPIO_TypeDef *row_ports_array[] = {ROW_1_OUT_PORT,
                      ^~~~~~~~~~~~~~~
arm-none-eabi-gcc -o "RFID_KPZ.elf" @"objects.list"   -mcpu=cortex-m4 -T"C:\Users\chedo\OneDrive\Pulpit\SEMESTR_6\KPZ\RFID-acces-control\RFID_KPZ\STM32L476RGTX_FLASH.ld" --specs=nosys.specs -Wl,-Map="RFID_KPZ.map" -Wl,--gc-sections -static --specs=nano.specs -mfpu=fpv4-sp-d16 -mfloat-abi=hard -mthumb -Wl,--start-group -lc -lm -Wl,--end-group
Finished building target: RFID_KPZ.elf
 
arm-none-eabi-objdump -h -S  RFID_KPZ.elf  > "RFID_KPZ.list"
arm-none-eabi-objcopy  -O binary  RFID_KPZ.elf  "RFID_KPZ.bin"
arm-none-eabi-size   RFID_KPZ.elf 
   text	   data	    bss	    dec	    hex	filename
  28588	     84	   3828	  32500	   7ef4	RFID_KPZ.elf
Finished building: default.size.stdout
 
Finished building: RFID_KPZ.bin
 
Finished building: RFID_KPZ.list
 
13:16:11 **** Incremental Build of configuration Debug for project RFID_KPZ ****
make -j12 all 
arm-none-eabi-gcc "../Core/Src/app.c" -mcpu=cortex-m4 -std=gnu11 -g3 -DUSE_HAL_DRIVER -DSTM32L476xx -DDEBUG -c -I../Core/Inc -I../Drivers/STM32L4xx_HAL_Driver/Inc -I../Drivers/STM32L4xx_HAL_Driver/Inc/Legacy -I../Drivers/CMSIS/Device/ST/STM32L4xx/Include -I../Drivers/CMSIS/Include -O0 -ffunction-sections -fdata-sections -Wall -fstack-usage -MMD -MP -MF"Core/Src/app.d" -MT"Core/Src/app.o" --specs=nano.specs -mfpu=fpv4-sp-d16 -mfloat-abi=hard -mthumb -o "Core/Src/app.o"
arm-none-eabi-gcc "../Core/Src/main.c" -mcpu=cortex-m4 -std=gnu11 -g3 -DUSE_HAL_DRIVER -DSTM32L476xx -DDEBUG -c -I../Core/Inc -I../Drivers/STM32L4xx_HAL_Driver/Inc -I../Drivers/STM32L4xx_HAL_Driver/Inc/Legacy -I../Drivers/CMSIS/Device/ST/STM32L4xx/Include -I../Drivers/CMSIS/Include -O0 -ffunction-sections -fdata-sections -Wall -fstack-usage -MMD -MP -MF"Core/Src/main.d" -MT"Core/Src/main.o" --specs=nano.specs -mfpu=fpv4-sp-d16 -mfloat-abi=hard -mthumb -o "Core/Src/main.o"
../Core/Src/app.c: In function 'app_change_password_state':
../Core/Src/app.c:348:3: warning: implicit declaration of function 'memcpy' [-Wimplicit-function-declaration]
   memcpy(temp_password_buffor, flash_correct_password_buffor, 4);
   ^~~~~~
../Core/Src/app.c:348:3: warning: incompatible implicit declaration of built-in function 'memcpy'
../Core/Src/app.c:348:3: note: include '<string.h>' or provide a declaration of 'memcpy'
../Core/Src/app.c:353:3: warning: incompatible implicit declaration of built-in function 'memcpy'
   memcpy(flash_correct_password_buffor, temp_password_buffor, 4);
   ^~~~~~
../Core/Src/app.c:353:3: note: include '<string.h>' or provide a declaration of 'memcpy'
../Core/Src/app.c: In function 'app_main_loop':
../Core/Src/app.c:424:2: warning: enumeration value 'WRONG_PASSWORD_STATE' not handled in switch [-Wswitch]
  switch(current_app_state)
  ^~~~~~
../Core/Src/app.c:424:2: warning: enumeration value 'CORRECT_PASSWORD_STATE' not handled in switch [-Wswitch]
In file included from ../Core/Inc/app.h:5:0,
                 from ../Core/Src/main.c:25:
../Core/Inc/keypad.h:63:13: warning: 'keypad_index_char_array' defined but not used [-Wunused-variable]
 static char keypad_index_char_array[] = {'6','4','5','9','7','8','#','*','0','3','1','2'};
             ^~~~~~~~~~~~~~~~~~~~~~~
../Core/Inc/keypad.h:50:17: warning: 'column_pins_array' defined but not used [-Wunused-variable]
 static uint16_t column_pins_array[] = {COLUMN_1_IN_PIN,
                 ^~~~~~~~~~~~~~~~~
../Core/Inc/keypad.h:45:17: warning: 'row_pins_array' defined but not used [-Wunused-variable]
 static uint16_t row_pins_array[] = {ROW_1_OUT_PIN,
                 ^~~~~~~~~~~~~~
../Core/Inc/keypad.h:41:22: warning: 'column_ports_array' defined but not used [-Wunused-variable]
 static GPIO_TypeDef *column_ports_array[] = {COLUMN_1_IN_PORT,
                      ^~~~~~~~~~~~~~~~~~
../Core/Inc/keypad.h:36:22: warning: 'row_ports_array' defined but not used [-Wunused-variable]
 static GPIO_TypeDef *row_ports_array[] = {ROW_1_OUT_PORT,
                      ^~~~~~~~~~~~~~~
In file included from ../Core/Inc/app.h:5:0,
                 from ../Core/Src/app.c:1:
At top level:
../Core/Inc/keypad.h:63:13: warning: 'keypad_index_char_array' defined but not used [-Wunused-variable]
 static char keypad_index_char_array[] = {'6','4','5','9','7','8','#','*','0','3','1','2'};
             ^~~~~~~~~~~~~~~~~~~~~~~
../Core/Inc/keypad.h:50:17: warning: 'column_pins_array' defined but not used [-Wunused-variable]
 static uint16_t column_pins_array[] = {COLUMN_1_IN_PIN,
                 ^~~~~~~~~~~~~~~~~
../Core/Inc/keypad.h:45:17: warning: 'row_pins_array' defined but not used [-Wunused-variable]
 static uint16_t row_pins_array[] = {ROW_1_OUT_PIN,
                 ^~~~~~~~~~~~~~
../Core/Inc/keypad.h:41:22: warning: 'column_ports_array' defined but not used [-Wunused-variable]
 static GPIO_TypeDef *column_ports_array[] = {COLUMN_1_IN_PORT,
                      ^~~~~~~~~~~~~~~~~~
../Core/Inc/keypad.h:36:22: warning: 'row_ports_array' defined but not used [-Wunused-variable]
 static GPIO_TypeDef *row_ports_array[] = {ROW_1_OUT_PORT,
                      ^~~~~~~~~~~~~~~
arm-none-eabi-gcc -o "RFID_KPZ.elf" @"objects.list"   -mcpu=cortex-m4 -T"C:\Users\chedo\OneDrive\Pulpit\SEMESTR_6\KPZ\RFID-acces-control\RFID_KPZ\STM32L476RGTX_FLASH.ld" --specs=nosys.specs -Wl,-Map="RFID_KPZ.map" -Wl,--gc-sections -static --specs=nano.specs -mfpu=fpv4-sp-d16 -mfloat-abi=hard -mthumb -Wl,--start-group -lc -lm -Wl,--end-group
Finished building target: RFID_KPZ.elf
 
arm-none-eabi-objdump -h -S  RFID_KPZ.elf  > "RFID_KPZ.list"
arm-none-eabi-objcopy  -O binary  RFID_KPZ.elf  "RFID_KPZ.bin"
arm-none-eabi-size   RFID_KPZ.elf 
   text	   data	    bss	    dec	    hex	filename
  28616	     84	   3828	  32528	   7f10	RFID_KPZ.elf
Finished building: default.size.stdout
 
Finished building: RFID_KPZ.bin
 
Finished building: RFID_KPZ.list
 
13:22:47 **** Incremental Build of configuration Debug for project RFID_KPZ ****
make -j12 all 
arm-none-eabi-gcc "../Core/Src/app.c" -mcpu=cortex-m4 -std=gnu11 -g3 -DUSE_HAL_DRIVER -DSTM32L476xx -DDEBUG -c -I../Core/Inc -I../Drivers/STM32L4xx_HAL_Driver/Inc -I../Drivers/STM32L4xx_HAL_Driver/Inc/Legacy -I../Drivers/CMSIS/Device/ST/STM32L4xx/Include -I../Drivers/CMSIS/Include -O0 -ffunction-sections -fdata-sections -Wall -fstack-usage -MMD -MP -MF"Core/Src/app.d" -MT"Core/Src/app.o" --specs=nano.specs -mfpu=fpv4-sp-d16 -mfloat-abi=hard -mthumb -o "Core/Src/app.o"
../Core/Src/app.c: In function 'app_change_password_state':
../Core/Src/app.c:349:3: warning: implicit declaration of function 'memcpy' [-Wimplicit-function-declaration]
   memcpy(temp_password_buffor, flash_correct_password_buffor, 4);
   ^~~~~~
../Core/Src/app.c:349:3: warning: incompatible implicit declaration of built-in function 'memcpy'
../Core/Src/app.c:349:3: note: include '<string.h>' or provide a declaration of 'memcpy'
../Core/Src/app.c:354:3: warning: incompatible implicit declaration of built-in function 'memcpy'
   memcpy(flash_correct_password_buffor, temp_password_buffor, 4);
   ^~~~~~
../Core/Src/app.c:354:3: note: include '<string.h>' or provide a declaration of 'memcpy'
../Core/Src/app.c: In function 'app_main_loop':
../Core/Src/app.c:425:2: warning: enumeration value 'WRONG_PASSWORD_STATE' not handled in switch [-Wswitch]
  switch(current_app_state)
  ^~~~~~
../Core/Src/app.c:425:2: warning: enumeration value 'CORRECT_PASSWORD_STATE' not handled in switch [-Wswitch]
In file included from ../Core/Inc/app.h:5:0,
                 from ../Core/Src/app.c:1:
At top level:
../Core/Inc/keypad.h:63:13: warning: 'keypad_index_char_array' defined but not used [-Wunused-variable]
 static char keypad_index_char_array[] = {'6','4','5','9','7','8','#','*','0','3','1','2'};
             ^~~~~~~~~~~~~~~~~~~~~~~
../Core/Inc/keypad.h:50:17: warning: 'column_pins_array' defined but not used [-Wunused-variable]
 static uint16_t column_pins_array[] = {COLUMN_1_IN_PIN,
                 ^~~~~~~~~~~~~~~~~
../Core/Inc/keypad.h:45:17: warning: 'row_pins_array' defined but not used [-Wunused-variable]
 static uint16_t row_pins_array[] = {ROW_1_OUT_PIN,
                 ^~~~~~~~~~~~~~
../Core/Inc/keypad.h:41:22: warning: 'column_ports_array' defined but not used [-Wunused-variable]
 static GPIO_TypeDef *column_ports_array[] = {COLUMN_1_IN_PORT,
                      ^~~~~~~~~~~~~~~~~~
../Core/Inc/keypad.h:36:22: warning: 'row_ports_array' defined but not used [-Wunused-variable]
 static GPIO_TypeDef *row_ports_array[] = {ROW_1_OUT_PORT,
                      ^~~~~~~~~~~~~~~
arm-none-eabi-gcc -o "RFID_KPZ.elf" @"objects.list"   -mcpu=cortex-m4 -T"C:\Users\chedo\OneDrive\Pulpit\SEMESTR_6\KPZ\RFID-acces-control\RFID_KPZ\STM32L476RGTX_FLASH.ld" --specs=nosys.specs -Wl,-Map="RFID_KPZ.map" -Wl,--gc-sections -static --specs=nano.specs -mfpu=fpv4-sp-d16 -mfloat-abi=hard -mthumb -Wl,--start-group -lc -lm -Wl,--end-group
Finished building target: RFID_KPZ.elf
 
arm-none-eabi-objdump -h -S  RFID_KPZ.elf  > "RFID_KPZ.list"
arm-none-eabi-objcopy  -O binary  RFID_KPZ.elf  "RFID_KPZ.bin"
arm-none-eabi-size   RFID_KPZ.elf 
   text	   data	    bss	    dec	    hex	filename
  28620	     84	   3828	  32532	   7f14	RFID_KPZ.elf
Finished building: default.size.stdout
 
Finished building: RFID_KPZ.bin
 
Finished building: RFID_KPZ.list
 
